ROM Bank #0 (HOME):
  SECTION: $0000-$0002 ($0003 bytes) ["ROM_Start"]
  SECTION: $0008-$000A ($0003 bytes) ["Org $08"]
  SECTION: $0010-$0012 ($0003 bytes) ["Org $10"]
  SECTION: $0018-$001A ($0003 bytes) ["Org $18"]
  SECTION: $0020-$0022 ($0003 bytes) ["Org $20"]
  SECTION: $0028-$0038 ($0011 bytes) ["Org $28"]
           $002E = RST_28.copy_data_loop
  SECTION: $0040-$0042 ($0003 bytes) ["VBlank_IRQ_Jump"]
  SECTION: $0048-$0048 ($0001 bytes) ["LCDC_IRQ_Jump"]
  SECTION: $0050-$0050 ($0001 bytes) ["Timer_Overflow_IRQ_Jump"]
  SECTION: $0058-$0058 ($0001 bytes) ["Serial_IRQ_Jump"]
  SECTION: $0060-$0060 ($0001 bytes) ["Joypad_IRQ_Jump"]
  SECTION: $0100-$014F ($0050 bytes) ["GameBoy_Header_Start"]
  SECTION: $0150-$363C ($34ED bytes) ["Game_Code_Start"]
           $0384 = VBlankFunc
           $0150 = start
           $0375 = Wait_For_Vblank
           $01E1 = CLEAR_MAP
           $01FC = CLEAR_OAM
           $020B = CLEAR_RAM
           $021A = InitLevelStart
           $12A1 = InitSoundChannels
           $0361 = DMA_COPY
           $0392 = ReadJoypad
           $01A8 = Main_Game
           $0192 = Game_Loop
           $01B4 = Main_Game.check_for_end_level
           $026E = Player_Dead_Update
           $01CA = Main_Game.end_main_update
           $01C7 = Main_Game.do_main_update
           $026D = Level_Complete_Update
           $01CB = Main_Game_Loop
           $1C03 = ScrollLevel
           $0900 = UpdateBulletTimers
           $0935 = UpdateBulletPositions
           $0EE1 = UpdateEnemyBehaviours
           $04C2 = MoveSpaceship
           $07A7 = AnimateShip
           $13F4 = gbt_update
           $01E8 = CLEAR_MAP.clear_map_loop
           $0202 = CLEAR_OAM.clear_oam_loop
           $0211 = CLEAR_RAM.clear_ram_loop
           $0247 = InitWorkingVariables
           $1B32 = InitLevel
           $1D3A = TestMap
           $1B6E = LoadMapToBkg
           $1B62 = InitSprites
           $07DD = InitBulletData
           $0B08 = InitEnemyData
           $03CE = InitPlayerData
           $03E9 = InitPlayerSprite
           $0280 = Player_Dead_Update.animate_explosion
           $0295 = ResetPlayerOnDeath
           $0294 = Player_Dead_Update.dead_update_end
           $02B7 = PlayerDeathFrame2
           $02F6 = PlayerDeathFrame3
           $02BD = PlayerDeathFrame4
           $02E7 = PlayerDeathFrame5
           $02ED = PlayerDeathFrame6
           $037D = Wait_For_Vram
           $06B2 = FindShipTileIndexes
           $047E = ResolvePlayerScrollCollisions.MoveShipBackLeft
           $04B8 = ResolvePlayerScrollCollisions.return_to_main
           $04B9 = StoreCurrentPlayerAnimAddress
           $04A4 = ResolvePlayerScrollCollisions.store_vertical_gun_addr
           $04A7 = ResolvePlayerScrollCollisions.scroll_gun_left
           $077B = DestroyShip
           $04CD = MoveSpaceship.done_checking_dpad
           $04EF = CheckDirectionInputs
           $070A = ResolveShipEnemyCollisions
           $04ED = MoveSpaceship.did_not_fire
           $04E2 = MoveSpaceship.check_for_a_press
           $07EA = ChangeBulletDirection
           $088D = LaunchBullet
           $06F5 = StoreCurrentGunSpriteAddr
           $0561 = CheckDirectionInputs.check_for_down
           $05CE = CheckDirectionInputs.check_for_left
           $0543 = CheckDirectionInputs.MoveShipBackDown
           $05B3 = CheckDirectionInputs.MoveShipBackUp
           $0641 = CheckDirectionInputs.check_for_right
           $06B1 = CheckDirectionInputs.done_checking_dpad
           $061E = CheckDirectionInputs.MoveShipBackRight
           $0691 = CheckDirectionInputs.MoveShipBackLeft
           $06C6 = FindShipTileIndexes.StartYLoop
           $06BE = FindShipTileIndexes.XSubLoop
           $06D5 = FindShipTileIndexes.EndTileIndexLoops
           $06CD = FindShipTileIndexes.YSubLoop
           $06E2 = FindShipTileIndexes.StoreStartAndMapWidth
           $06EA = FindShipTileIndexes.GetTileIndexLoop
           $0706 = StoreCurrentGunSpriteAddr.store_vertical_gun_addr
           $0709 = StoreCurrentGunSpriteAddr.found_address
           $076D = ResolveShipEnemyCollisions.check_enemy_pos_loop_end
           $11BC = GetSpriteAddress
           $0730 = ResolveShipEnemyCollisions.enemy_height_loop_start
           $0756 = ResolveShipEnemyCollisions.enemy_width_loop_start
           $077A = ResolveShipEnemyCollisions.end_enemy_checking
           $070F = ResolveShipEnemyCollisions.check_enemies_pos_loop
           $12E0 = PlayPlayerBossExplosionSound
           $07DC = AnimateShip.anim_end
           $07C4 = AnimateShip.save_anim_address
           $07E2 = InitBulletData.init_bullets_loop
           $07F4 = ChangeBulletDirection.direction_changed
           $081C = ChangeBulletDirection.check_down
           $088C = ChangeBulletDirection.directions_checked
           $0843 = ChangeBulletDirection.check_left
           $0868 = ChangeBulletDirection.check_up
           $08A3 = LaunchBullet.found_empty_bullet
           $0895 = LaunchBullet.find_empty_bullet_loop
           $08B7 = LaunchBullet.check_for_left
           $08BF = LaunchBullet.setup_y_pos
           $08D1 = LaunchBullet.check_for_up
           $08D9 = LaunchBullet.continue_setup
           $12BE = PlayBulletSound
           $092D = UpdateBulletTimers.update_bullets_loop_end
           $0908 = UpdateBulletTimers.update_bullets_loop
           $0ABE = UpdateBulletPositions.update_bullets_pos_loop_end
           $0962 = UpdateBulletPositions.check_for_up
           $096A = UpdateBulletPositions.update_y_pos
           $097E = UpdateBulletPositions.check_for_left
           $0986 = UpdateBulletPositions.update_x_pos
           $0AC7 = FindBulletTileIndexes
           $09D4 = UpdateBulletPositions.destroy_bullet_on_collision_or_bounds
           $09E5 = UpdateBulletPositions.check_for_enemy_collision
           $0AAE = UpdateBulletPositions.check_enemy_pos_loop_end
           $0A25 = UpdateBulletPositions.height_loop_start
           $0A50 = UpdateBulletPositions.width_loop_start
           $0A77 = UpdateBulletPositions.bullet_collided_with_enemy
           $12E9 = PlayEnemyHitSound
           $0A84 = UpdateBulletPositions.destroy_bullet
           $0F10 = StartEnemyExplosion
           $09ED = UpdateBulletPositions.check_enemies_pos_loop
           $093C = UpdateBulletPositions.update_bullets_pos_loop
           $0ADA = FindBulletTileIndexes.StartYLoop
           $0AD3 = FindBulletTileIndexes.XSubLoop
           $0AE8 = FindBulletTileIndexes.EndTileIndexLoops
           $0AE1 = FindBulletTileIndexes.YSubLoop
           $0AF5 = FindBulletTileIndexes.StoreStartAndMapWidth
           $0AFD = FindBulletTileIndexes.GetTileIndexLoop
           $0B0F = InitEnemyData.init_enemy_data_loop
           $0B1F = InitEnemyData.init_1x1_enemy_anim_data_loop
           $0B2D = InitEnemyData.init_2x1_enemy_anim_data_loop
           $0B3B = InitEnemyData.init_2x2_enemy_anim_data_loop
           $0B6D = UpdateEnemyScrollPositions.update_enemies_pos_loop_end
           $1009 = UpdateEnemySpritePositions
           $0B50 = UpdateEnemyScrollPositions.update_enemies_pos_loop
           $0B9A = CreateEnemy.found_empty_enemy
           $0B86 = CreateEnemy.find_empty_enemy_loop
           $0BA4 = CreateEnemy.calculate_y_loop
           $0C05 = SetupNewEnemy
           $0BB8 = EnemyBehaviourData
           $0C23 = SetupNewEnemy.enemy_data_found
           $0CFC = SetupNewEnemy.cancel_setup_data
           $0C0D = SetupNewEnemy.find_enemy_in_data_loop
           $0C30 = SetupNewEnemy.continue_with_loop
           $0C29 = SetupNewEnemy.enemy_data_found_loop
           $0D01 = GetAnimationData
           $0CF9 = SetupNewEnemy.cancel_setup_anim
           $0C57 = SetupNewEnemy.enemy_1x1_anim_sprite
           $0C61 = SetupNewEnemy.enemy_2x1_anim_sprite
           $0C6B = SetupNewEnemy.enemy_2x2_anim_sprite
           $0C75 = SetupNewEnemy.boss_anim_sprite
           $0BCD = EnemyAnim1x1Data
           $0C7D = SetupNewEnemy.find_anim_data
           $0BD2 = EnemyAnim2x1Data
           $0BDA = EnemyAnim2x2Data
           $0BE8 = EnemyAnimBossData
           $0C91 = SetupNewEnemy.enemy_anim_data_found
           $0C82 = SetupNewEnemy.find_anim_data_loop
           $0CA4 = SetupNewEnemy.enemy_1x1_anim_data_length
           $0CA8 = SetupNewEnemy.enemy_2x1_anim_data_length
           $0CAC = SetupNewEnemy.enemy_2x2_anim_data_length
           $0CB0 = SetupNewEnemy.boss_anim_data_length
           $0CB2 = SetupNewEnemy.transfer_anim_data
           $0CB5 = SetupNewEnemy.transfer_anim_data_loop
           $0D55 = GetEmptySpriteAddress
           $0CD9 = SetupNewEnemy.enemy_1x1_anim_data_length_remaining
           $0CDE = SetupNewEnemy.enemy_2x1_anim_data_length_remaining
           $0CEF = SetupNewEnemy.enemy_2x2_anim_data_length_remaining
           $0CF4 = SetupNewEnemy.boss_anim_data_length_remaining
           $0DAB = Enemy1x1SpriteSetup
           $0CF7 = SetupNewEnemy.sprite_data_set
           $0CEA = SetupNewEnemy.use_1x2
           $0DBB = Enemy2x1SpriteSetup
           $0DDB = Enemy1x2SpriteSetup
           $0DFD = Enemy2x2SpriteSetup
           $0E41 = BossSpriteSetup
           $0D00 = SetupNewEnemy.end_setup
           $0D1F = GetAnimationData.setup1x1AnimData
           $0D28 = GetAnimationData.setup2x1AnimData
           $0D31 = GetAnimationData.setup2x2AnimData
           $0D3A = GetAnimationData.setupBossAnimData
           $0D41 = GetAnimationData.get_anim_data_loop
           $0D52 = GetAnimationData.found_empty_anim_data
           $0D47 = GetAnimationData.move_to_next_anim_data_loop
           $0D68 = GetEmptySpriteAddress.setup1x1SpriteData
           $0D71 = GetEmptySpriteAddress.setup2x1SpriteData
           $0D7A = GetEmptySpriteAddress.setup2x2SpriteData
           $0D83 = GetEmptySpriteAddress.setupBossSpriteData
           $0D8C = GetEmptySpriteAddress.get_sprite_loop
           $0DA8 = GetEmptySpriteAddress.store_sprite_address
           $0D98 = GetEmptySpriteAddress.sprite_being_used
           $0DA4 = GetEmptySpriteAddress.found_empty_sprite
           $0D99 = GetEmptySpriteAddress.move_to_next_sprite_set_loop
           $0EF4 = UpdateEnemyBehaviours.update_enemies_loop_end
           $0FDD = UpdateEnemyBehaviour
           $11D3 = UpdateEnemyAnimation
           $0EE6 = UpdateEnemyBehaviours.update_enemies_loop
           $0F0F = CheckIfEnemyTile.done_checking
           $0F2B = StartEnemyExplosion.sprite_1x1_count
           $0F39 = StartEnemyExplosion.sprite_2x1_count
           $0F54 = StartEnemyExplosion.sprite_2x2_count
           $0F68 = StartEnemyExplosion.sprite_boss_count
           $12D7 = PlayEnemyExplosionSound
           $0F8C = StartEnemyExplosion.end_routine
           $0F4C = StartEnemyExplosion.move_sprite_down
           $0F50 = StartEnemyExplosion.finished_moving_sprite
           $0F7A = StartEnemyExplosion.display_explosion_tile
           $0F81 = StartEnemyExplosion.hide_sprites_loop
           $0FA3 = CleanupEnemy.get_anim_data_address
           $0FC2 = CleanupEnemy.sprite_1x1_count
           $0FC6 = CleanupEnemy.sprite_2x1_count
           $0FCA = CleanupEnemy.sprite_2x2_count
           $0FCE = CleanupEnemy.sprite_boss_count
           $0FD0 = CleanupEnemy.hide_sprites_loop
           $0FED = UpdateEnemyBehaviour.enemy_alive_update
           $109D = UpdateDeadEnemy
           $1008 = UpdateEnemyBehaviour.end_update
           $0FF9 = UpdateEnemyBehaviour.enemy_0_update
           $0FFF = UpdateEnemyBehaviour.enemy_1_update
           $11B2 = Enemy0Update
           $1005 = UpdateEnemyBehaviour.update_sprite_positions
           $11B8 = Enemy1Update
           $1039 = UpdateEnemySpritePositions.end_update
           $102A = UpdateEnemySpritePositions.update_2x1
           $1031 = UpdateEnemySpritePositions.update_2x2
           $1036 = UpdateEnemySpritePositions.update_boss
           $103A = UpdateSpriteRight
           $104A = UpdateSpriteBelow
           $105A = Update2x2
           $1072 = UpdateBossSpritePos
           $10BA = UpdateDead1x1
           $10E4 = UpdateDead2x1
           $110A = UpdateDead2x2OrBoss
           $10CC = UpdateDead1x1.frame_2
           $10D6 = UpdateDead1x1.frame_3
           $10E0 = UpdateDead1x1.frame_4
           $10E3 = UpdateDead1x1.update_end
           $0F8E = CleanupEnemy
           $10F6 = UpdateDead2x1.frame_2
           $10FE = UpdateDead2x1.frame_3
           $1106 = UpdateDead2x1.frame_4
           $1109 = UpdateDead2x1.update_end
           $1126 = UpdateDead2x2OrBoss.frame_2
           $112E = UpdateDead2x2OrBoss.frame_3
           $117B = UpdateDead2x2OrBoss.frame_4
           $11A6 = UpdateDead2x2OrBoss.frame_5
           $11AE = UpdateDead2x2OrBoss.frame_6
           $11B1 = UpdateDead2x2OrBoss.update_end
           $11C8 = GetSpriteAddress.get_anim_data_address
           $1262 = UpdateEnemyAnimation.end_update
           $11F2 = UpdateEnemyAnimation.get_anim_data_address
           $125D = UpdateEnemyAnimation.reset_hl
           $121E = UpdateEnemyAnimation.set_2x1_count
           $1225 = UpdateEnemyAnimation.set_2x2_count
           $122C = UpdateEnemyAnimation.set_boss_count
           $1230 = UpdateEnemyAnimation.replace_tiles_loop
           $123C = UpdateEnemyAnimation.replace_tiles_with_frame_2
           $1236 = UpdateEnemyAnimation.replace_tiles_with_frame_1
           $1263 = ModifySpriteWithData
           $1249 = UpdateEnemyAnimation.current_tile_check_done
           $123D = UpdateEnemyAnimation.move_to_next_frame_loop
           $1245 = UpdateEnemyAnimation.move_to_current_frame_loop
           $1254 = UpdateEnemyAnimation.reset_timer
           $1255 = UpdateEnemyAnimation.move_to_top_frame_loop
           $1292 = GetEnemyAnimTimer
           $1270 = ModifySpriteWithData.flip_tile_vertically
           $1282 = ModifySpriteWithData.flip_tile_horizontally
           $1291 = ModifySpriteWithData.end_modification
           $127B = ModifySpriteWithData.reset_vertical
           $127D = ModifySpriteWithData.save_vertical_flag
           $128D = ModifySpriteWithData.reset_horizontal
           $128F = ModifySpriteWithData.save_horizontal_flag
           $129E = GetEnemy0AnimTimer
           $3634 = CWGB_data
           $132C = gbt_play
           $13E1 = gbt_loop
           $12FF = BulletSoundData
           $12C7 = PlaySoundOnChannelOne
           $1304 = EnemyExplosionSoundData
           $12F2 = PlaySoundOnChannelFour
           $1308 = PlayerExplosionSoundData
           $130C = BossHitSoundData
           $1310 = gbt_get_pattern_ptr
           $140E = gbt_update.dontexit
           $1B15 = gbt_update_effects_bank1
           $1436 = gbt_update.dont_stop
           $13E5 = gbt_stop
           $1450 = gbt_update.more_bytes
           $145A = gbt_update.no_more_bytes_this_channel
           $1457 = gbt_update.one_more_byte
           $1443 = gbt_update.copy_loop
           $149E = gbt_update.dont_increment_pattern
           $149E = gbt_update.not_ended
           $1499 = gbt_update.loop_disabled
           $149E = gbt_update.end_handling_steps_pattern
           $1AFA = gbt_update_bank1
           $14D9 = gbt_update.next_channel_more_bytes
           $14DF = gbt_update.next_channel_no_more_bytes_this_channel
           $14DE = gbt_update.next_channel_one_more_byte
           $14CE = gbt_update.next_channel
           $157B = gbt_frequencies
           $1632 = gbt_channel_1_handle.channel1_enabled
           $162A = gbt_channel_1_handle.more_bytes
           $1631 = gbt_channel_1_handle.no_more_bytes_this_channel
           $1630 = gbt_channel_1_handle.one_more_byte
           $165A = gbt_channel_1_handle.has_frequency
           $164A = gbt_channel_1_handle.instr_effects
           $1641 = gbt_channel_1_handle.just_set_volume
           $1690 = gbt_channel_1_handle.refresh_channel1_regs
           $170B = gbt_channel_1_set_effect
           $160B = _gbt_get_freq_from_index
           $1682 = gbt_channel_1_handle.freq_instr_and_effect
           $16BF = channel1_update_effects.dont_cut
           $16DE = channel1_update_effects.not_tick_0
           $16F7 = channel1_update_effects.not_tick_1
           $1719 = gbt_channel_1_set_effect.gbt_ch1_jump_table
           $1739 = gbt_channel_1_set_effect.gbt_ch1_pan
           $1741 = gbt_channel_1_set_effect.gbt_ch1_arpeggio
           $175C = gbt_channel_1_set_effect.gbt_ch1_cut_note
           $1AD1 = gbt_ch1234_nop
           $1AD3 = gbt_ch1234_jump_pattern
           $1AE4 = gbt_ch1234_jump_position
           $1AF2 = gbt_ch1234_speed
           $177C = gbt_channel_2_handle.channel2_enabled
           $1774 = gbt_channel_2_handle.more_bytes
           $177B = gbt_channel_2_handle.no_more_bytes_this_channel
           $177A = gbt_channel_2_handle.one_more_byte
           $17A4 = gbt_channel_2_handle.has_frequency
           $1794 = gbt_channel_2_handle.instr_effects
           $178B = gbt_channel_2_handle.just_set_volume
           $17DA = gbt_channel_2_handle.refresh_channel2_regs
           $1852 = gbt_channel_2_set_effect
           $17CC = gbt_channel_2_handle.freq_instr_and_effect
           $1806 = channel2_update_effects.dont_cut
           $1825 = channel2_update_effects.not_tick_0
           $183E = channel2_update_effects.not_tick_1
           $1860 = gbt_channel_2_set_effect.gbt_ch2_jump_table
           $1880 = gbt_channel_2_set_effect.gbt_ch2_pan
           $1888 = gbt_channel_2_set_effect.gbt_ch2_arpeggio
           $18A3 = gbt_channel_2_set_effect.gbt_ch2_cut_note
           $18C3 = gbt_channel_3_handle.channel3_enabled
           $18BB = gbt_channel_3_handle.more_bytes
           $18C2 = gbt_channel_3_handle.no_more_bytes_this_channel
           $18C1 = gbt_channel_3_handle.one_more_byte
           $18E4 = gbt_channel_3_handle.has_frequency
           $18DB = gbt_channel_3_handle.effects
           $18D2 = gbt_channel_3_handle.just_set_volume
           $1917 = gbt_channel_3_handle.refresh_channel3_regs
           $19BA = gbt_channel_3_set_effect
           $1909 = gbt_channel_3_handle.freq_instr_and_effect
           $193E = gbt_channel3_load_instrument
           $14EB = gbt_wave
           $194E = gbt_channel3_load_instrument.loop
           $196E = channel3_update_effects.dont_cut
           $198D = channel3_update_effects.not_tick_0
           $19A6 = channel3_update_effects.not_tick_1
           $19C8 = gbt_channel_3_set_effect.gbt_ch3_jump_table
           $19E8 = gbt_channel_3_set_effect.gbt_ch3_pan
           $19F0 = gbt_channel_3_set_effect.gbt_ch3_arpeggio
           $1A0B = gbt_channel_3_set_effect.gbt_ch3_cut_note
           $1A2B = gbt_channel_4_handle.channel4_enabled
           $1A23 = gbt_channel_4_handle.more_bytes
           $1A2A = gbt_channel_4_handle.no_more_bytes_this_channel
           $1A29 = gbt_channel_4_handle.one_more_byte
           $1A4C = gbt_channel_4_handle.has_instrument
           $1A43 = gbt_channel_4_handle.effects
           $1A3A = gbt_channel_4_handle.just_set_volume
           $1A6D = gbt_channel_4_handle.refresh_channel4_regs
           $1A96 = gbt_channel_4_set_effect
           $156B = gbt_noise
           $1A68 = gbt_channel_4_handle.instr_and_effect
           $1A94 = channel4_update_effects.dont_cut
           $1AA4 = gbt_channel_4_set_effect.gbt_ch4_jump_table
           $1AC4 = gbt_channel_4_set_effect.gbt_ch4_pan
           $1ACC = gbt_channel_4_set_effect.gbt_ch4_cut_note
           $1617 = gbt_channel_1_handle
           $1761 = gbt_channel_2_handle
           $18A8 = gbt_channel_3_handle
           $1A10 = gbt_channel_4_handle
           $16AA = channel1_update_effects
           $1690 = channel1_refresh_registers
           $17F1 = channel2_update_effects
           $17DA = channel2_refresh_registers
           $1955 = channel3_update_effects
           $1917 = channel3_refresh_registers
           $1A7F = channel4_update_effects
           $1A6D = channel4_refresh_registers
           $3252 = TileLabel
           $1B46 = LoadTiles
           $1BF8 = InitPalettes
           $1B50 = LoadTiles.load_tiles_loop
           $1B69 = InitSprites.init_sprites_loop
           $1B7D = LoadMapToBkg.get_map_block_loop_start
           $1B75 = LoadMapToBkg.get_map_start_loop
           $1B8B = LoadMapToBkg.setup_load_map_loop
           $1B83 = LoadMapToBkg.get_map_block_loop
           $1BAD = LoadMapToBkg.load_tile
           $1BA9 = LoadMapToBkg.load_zero
           $1BB0 = LoadMapToBkg.wait_for_write_mode
           $1BCF = LoadMapToBkg.go_to_map_loop
           $1B9D = LoadMapToBkg.load_map_loop
           $1C65 = ScrollLevel.return_to_main
           $1C26 = ScrollLevel.continue_scrolling
           $1C34 = ScrollLevel.vblank_do_scroll
           $1C66 = HandleColumnLoad
           $0B4B = UpdateEnemyScrollPositions
           $0462 = ResolvePlayerScrollCollisions
           $1C82 = HandleColumnLoad.track_screen_scroll
           $1C94 = HandleColumnLoad.track_window_scroll
           $1CA4 = HandleColumnLoad.get_map_start_point
           $1CB6 = HandleColumnLoad.get_map_block_loop_start
           $1CAE = HandleColumnLoad.get_map_start_loop
           $1CC4 = HandleColumnLoad.load_next_map_column
           $1CBC = HandleColumnLoad.get_map_block_loop
           $1CE2 = HandleColumnLoad.load_tile
           $1CDE = HandleColumnLoad.load_zero
           $1CE5 = HandleColumnLoad.wait_for_write_mode
           $1D13 = HandleColumnLoad.check_for_enemy_tile
           $1D08 = HandleColumnLoad.calculate_ship_y_loop
           $1D24 = HandleColumnLoad.get_next_column_tile
           $0F00 = CheckIfEnemyTile
           $0B79 = CreateEnemy
           $1CD2 = HandleColumnLoad.load_next_column_loop
           $3402 = CWGB_0
           $351E = CWGB_1
           $13D8 = gbt_pause
           $32D2 = TileLabelTLE8
           $32E2 = TileLabelTLE9
           $3272 = TileLabelTLE2
           $3282 = TileLabelTLE3
           $3252 = TileLabelTLE0
           $3262 = TileLabelTLE1
           $32B2 = TileLabelTLE6
           $32C2 = TileLabelTLE7
           $3292 = TileLabelTLE4
           $32A2 = TileLabelTLE5
           $13F0 = gbt_enable_channels
           $3392 = TileLabelTLE20
           $33A2 = TileLabelTLE21
           $33B2 = TileLabelTLE22
           $33C2 = TileLabelTLE23
           $33D2 = TileLabelTLE24
           $33E2 = TileLabelTLE25
           $33F2 = TileLabelTLE26
           $3382 = TileLabelTLE19
           $3372 = TileLabelTLE18
           $3322 = TileLabelTLE13
           $3312 = TileLabelTLE12
           $3302 = TileLabelTLE11
           $32F2 = TileLabelTLE10
           $3362 = TileLabelTLE17
           $3352 = TileLabelTLE16
           $3342 = TileLabelTLE15
           $3332 = TileLabelTLE14
    SLACK: $4A9C bytes

WRAM Bank #0:
  SECTION: $C000-$C09F ($00A0 bytes) ["RAM_Start_Sprites"]
           $C002 = spaceshipL_tile
           $C001 = spaceshipL_xpos
           $C000 = spaceshipL_ypos
           $C004 = spaceshipR_ypos
           $C005 = spaceshipR_xpos
           $C008 = spaceshipLAnim1_ypos
           $C009 = spaceshipLAnim1_xpos
           $C00C = spaceshipLAnim2_ypos
           $C00D = spaceshipLAnim2_xpos
           $C006 = spaceshipR_tile
           $C007 = spaceshipR_flags
           $C00A = spaceshipLAnim1_tile
           $C00B = spaceshipLAnim1_flags
           $C00E = spaceshipLAnim2_tile
           $C00F = spaceshipLAnim2_flags
           $C003 = spaceshipL_flags
           $C010 = spaceshipGun_ypos
           $C011 = spaceshipGun_xpos
           $C012 = spaceshipGun_tile
           $C013 = spaceshipGun_flags
           $C014 = spaceshipGunVertical_ypos
           $C015 = spaceshipGunVertical_xpos
           $C016 = spaceshipGunVertical_tile
           $C017 = spaceshipGunVertical_flags
           $C018 = bullet_sprites
           $C028 = enemy_sprites_1x1
           $C048 = enemy_sprites_2x1
           $C070 = enemy_sprites_2x2
  SECTION: $C0A0-$C1FF ($0160 bytes) ["RAM_Working_Variables"]
           $C1A4 = vblank_flag
           $C1BB = TestMapBlockTotal
           $C190 = enemy_data_size
           $C1A7 = alive
           $C1BD = level_end_reached
           $C1BE = boss_defeated
           $C1B0 = checkpoint_map_block
           $C1B1 = checkpoint_tiles_scrolled
           $C1B2 = checkpoint_ship_y
           $C1B6 = PixelsScrolled
           $C1B7 = TotalTilesScrolled
           $C1B8 = CurrentBGMapScrollTileX
           $C1B9 = CurrentWindowTileX
           $C1BA = CurrentMapBlock
           $C19E = current_bullet_direction
           $C1B5 = ScrollTimer
           $C1A5 = joypad_held
           $C1A6 = joypad_down
           $C1AC = checkpoint_pixels
           $C1A8 = death_timer
           $C1A9 = player_animation_timer
           $C1AA = current_anim_frame_upper
           $C1AB = current_anim_frame_lower
           $C0FC = enemy_data
           $C196 = bullet_data
           $C1A0 = current_bullet_ypos
           $C19F = current_bullet_xpos
           $C1B3 = current_enemy_width
           $C1B4 = current_enemy_height
           $C1A1 = current_enemy_index
           $C1A2 = current_enemy_address_upper
           $C1A3 = current_enemy_address_lower
           $C0A0 = enemy_animation_data_1x1
           $C0C0 = enemy_animation_data_2x1
           $C0DE = enemy_animation_data_2x2
           $C17C = boss_animation_data
           $C191 = enemy_tile
           $C1BC = CurrentColumnHeight
           $C192 = new_enemy_y_pos
           $C193 = new_enemy_anim_data_length
           $C195 = enemy_tile_width
           $C194 = enemy_tile_count
           $C1C0 = gbt_pattern_array_ptr
           $C1D6 = gbt_current_step_data_bank
           $C1D4 = gbt_current_step_data_ptr
           $C1C3 = gbt_speed
           $C1C2 = gbt_pattern_array_bank
           $C1D2 = gbt_current_step
           $C1D3 = gbt_current_pattern
           $C1D1 = gbt_ticks_elapsed
           $C1D0 = gbt_loop_enabled
           $C1FE = gbt_have_to_stop_next_step
           $C1FF = gbt_update_pattern_pointers
           $C1EA = gbt_channel3_loaded_instrument
           $C1D7 = gbt_channels_enabled
           $C1D8 = gbt_pan
           $C1DC = gbt_vol
           $C1E0 = gbt_instr
           $C1E4 = gbt_freq
           $C1F4 = gbt_arpeggio_enabled
           $C1FA = gbt_cut_note_tick
           $C1BF = gbt_playing
           $C1C4 = gbt_temp_play_data
           $C1EB = gbt_arpeggio_freq_index
           $C1F7 = gbt_arpeggio_tick
           $C1AD = checkpoint_appearance_map_block
           $C1AE = checkpoint_appearance_tiles_scrolled
           $C1AF = checkpoint_appearance_ship_y
    SLACK: $0E00 bytes

WRAM Bank #1:
  EMPTY

WRAM Bank #2:
  EMPTY

WRAM Bank #3:
  EMPTY

WRAM Bank #4:
  EMPTY

WRAM Bank #5:
  EMPTY

WRAM Bank #6:
  EMPTY

WRAM Bank #7:
  EMPTY

VRAM Bank #0:
  EMPTY

VRAM Bank #1:
  EMPTY

OAM:
  EMPTY

HRAM:
  EMPTY

SRAM Bank #0:
  EMPTY

SRAM Bank #1:
  EMPTY

SRAM Bank #2:
  EMPTY

SRAM Bank #3:
  EMPTY

SRAM Bank #4:
  EMPTY

SRAM Bank #5:
  EMPTY

SRAM Bank #6:
  EMPTY

SRAM Bank #7:
  EMPTY

SRAM Bank #8:
  EMPTY

SRAM Bank #9:
  EMPTY

SRAM Bank #10:
  EMPTY

SRAM Bank #11:
  EMPTY

SRAM Bank #12:
  EMPTY

SRAM Bank #13:
  EMPTY

SRAM Bank #14:
  EMPTY

SRAM Bank #15:
  EMPTY

