ROM Bank #0 (HOME):
  SECTION: $0000-$0002 ($0003 bytes) ["ROM_Start"]
  SECTION: $0008-$000A ($0003 bytes) ["Org $08"]
  SECTION: $0010-$0012 ($0003 bytes) ["Org $10"]
  SECTION: $0018-$001A ($0003 bytes) ["Org $18"]
  SECTION: $0020-$0022 ($0003 bytes) ["Org $20"]
  SECTION: $0028-$0038 ($0011 bytes) ["Org $28"]
           $002E = RST_28.copy_data_loop
  SECTION: $0040-$0042 ($0003 bytes) ["VBlank_IRQ_Jump"]
  SECTION: $0048-$0048 ($0001 bytes) ["LCDC_IRQ_Jump"]
  SECTION: $0050-$0050 ($0001 bytes) ["Timer_Overflow_IRQ_Jump"]
  SECTION: $0058-$0058 ($0001 bytes) ["Serial_IRQ_Jump"]
  SECTION: $0060-$0060 ($0001 bytes) ["Joypad_IRQ_Jump"]
  SECTION: $0100-$014F ($0050 bytes) ["GameBoy_Header_Start"]
  SECTION: $0150-$4593 ($4444 bytes) ["Game_Code_Start"]
           $037A = VBlankFunc
           $0150 = start
           $036B = Wait_For_Vblank
           $025A = CLEAR_MAP
           $0275 = CLEAR_OAM
           $0284 = CLEAR_RAM
           $01BB = SetLCDDisplay
           $01C0 = InitWorkingVariablesOnStartup
           $2260 = InitPalettes
           $0388 = Setup_Main_Menu
           $190C = InitSoundChannels
           $0357 = DMA_COPY
           $08D7 = ReadJoypad
           $01AB = Game_Loop.update_main_game
           $01B0 = Game_Loop.update_end_game
           $0426 = Main_Menu_Update
           $01B3 = Game_Loop.vblank_routine
           $01E2 = Main_Game
           $0720 = End_Game_Update
           $0D3D = AnimateShip
           $018D = Game_Loop
           $01FA = Main_Game.check_for_end_level
           $01F5 = Main_Game.animate_player_death
           $08C7 = Game_Over_Update
           $0210 = Main_Game.end_main_update
           $0734 = Player_Dead_Update
           $020D = Main_Game.do_main_update
           $0536 = Level_Complete_Update
           $0211 = Main_Game_Loop
           $022E = CheckForPause
           $022D = Main_Game_Loop.end_update
           $226B = ScrollLevel
           $0E96 = UpdateBulletTimers
           $0ECB = UpdateBulletPositions
           $1493 = UpdateEnemyBehaviours
           $0A10 = MoveSpaceship
           $1A5F = gbt_update
           $0254 = CheckForPause.end_update
           $0249 = CheckForPause.set_paused_on
           $0373 = Wait_For_Vram
           $0255 = SetLCDDisplayNoSprites
           $0261 = CLEAR_MAP.clear_map_loop
           $027B = CLEAR_OAM.clear_oam_loop
           $028A = CLEAR_RAM.clear_ram_loop
           $02A0 = InitWorkingVariablesOnNewGame
           $02C6 = InitLevelStart
           $23E1 = LoadMapToWindow
           $24B7 = UpdateLivesDisplay
           $0308 = InitWorkingVariablesOnLevelStart
           $219D = InitLevel
           $0342 = LoadCurrentMapIntoHL
           $21D6 = LoadMapToBkg
           $21CA = InitSprites
           $0D73 = InitBulletData
           $10B6 = InitEnemyData
           $0913 = InitPlayerData
           $092E = InitPlayerSprite
           $0349 = LoadCurrentMapIntoHL.load_level_1
           $2639 = TestMap
           $3D50 = MainMenuTiles
           $21AF = LoadTiles
           $03B5 = LoadMainMenuMap
           $24D1 = MainMenuMap
           $03BF = LoadMainMenuMap.display_tiles_loop
           $03DA = Display_Hi_Score
           $0405 = Display_Hi_Score.add_current_score
           $0410 = StoreHiScorePositionInHL
           $23FC = UpdateScoreDisplay
           $03F5 = Display_Hi_Score.add_score_loop
           $0439 = Main_Menu_Update.end_update
           $08AC = CLEAR_WINDOW_MAP
           $0293 = NewGameStart
           $06A8 = ClearAllSpritesExceptShip
           $3BAC = LevelEndMap
           $045A = DisplayLevelEndStats.display_first_line_loop
           $0470 = DisplayLevelEndStats.display_second_line_loop
           $04FC = DisplayDigitTen
           $0485 = DisplayLevelEndStats.wait_for_mode
           $04A2 = DisplayLevelEndStats.display_third_line_loop
           $04B7 = DisplayLevelEndStats.wait_for_mode_2
           $04D4 = DisplayLevelEndStats.display_fourth_line_loop
           $0519 = DisplayDigitHundred
           $0510 = DisplayDigitTen.wait_for_non_sprite_mode
           $0507 = DisplayDigitTen.calculate_digit_loop
           $052D = DisplayDigitHundred.wait_for_non_sprite_mode
           $0524 = DisplayDigitHundred.calculate_digit_loop
           $055F = Level_Complete_Update.move_window_up
           $0571 = Level_Complete_Update.update_timer
           $0585 = Level_Complete_Update.update_enemy_count_sequence
           $059F = Level_Complete_Update.update_item_count_sequence
           $05DF = Level_Complete_Update.add_bonus_points
           $0602 = Level_Complete_Update.finish_end_level_sequence
           $0613 = Level_Complete_Update.end_update
           $060C = Level_Complete_Update.increment_phase
           $066A = StoreScorePositionInHL
           $05B6 = Level_Complete_Update.store_next_digit
           $067C = StoreItemPositionInHL
           $05BA = Level_Complete_Update.wait_for_mode
           $185D = AddAToCurrentScore
           $05D8 = Level_Complete_Update.increment_timer_for_next_phase
           $068E = StoreBonusPositionInHL
           $05EA = Level_Complete_Update.display_bonus_loop
           $06BC = LoadNextLevel
           $0669 = Level_Complete_Update.move_ship_finished
           $0A07 = StoreCurrentPlayerAnimAddress
           $0C7C = StoreCurrentGunSpriteAddr
           $0641 = Level_Complete_Update.move_ship_x
           $062F = Level_Complete_Update.move_y_up
           $0631 = Level_Complete_Update.store_new_y
           $0653 = Level_Complete_Update.move_x_left
           $0655 = Level_Complete_Update.store_new_x
           $06A0 = StoreTopLeftPositionInHL
           $06B7 = ClearAllSpritesExceptShip.init_sprites_loop
           $06D2 = LoadNextLevel.start_game_end
           $06D5 = LoadNextLevel.end_load_level
           $06D6 = Setup_Game_End
           $18D9 = SaveHiScore
           $06FE = LoadEndGameMap
           $3BE8 = GameEndMap
           $0708 = LoadEndGameMap.display_tiles_loop
           $0733 = End_Game_Update.end_update
           $0756 = Player_Dead_Update.animate_explosion
           $0751 = Player_Dead_Update.reset_player
           $0876 = Set_Up_Game_Over_Screen
           $076D = Player_Dead_Update.dead_update_end
           $076E = ResetPlayerOnDeath
           $07CC = PlayerDeathFrame2
           $080B = PlayerDeathFrame3
           $07D2 = PlayerDeathFrame4
           $07FC = PlayerDeathFrame5
           $0802 = PlayerDeathFrame6
           $079B = InitWorkingVariablesOnDeath
           $18A7 = ResetScoreToCheckpoint
           $07BF = ResetStatsToCheckpoint
           $4350 = GameOverTiles
           $089A = Set_Up_Game_Over_Screen.display_first_line_loop
           $08B3 = CLEAR_WINDOW_MAP.clear_map_loop
           $08D6 = Game_Over_Update.end_update
           $0C39 = FindShipTileIndexes
           $09C3 = ResolvePlayerScrollCollisions.CheckForItemScroll
           $0A06 = ResolvePlayerScrollCollisions.return_to_main
           $09CC = ResolvePlayerScrollCollisions.MoveShipBackLeft
           $0C26 = ItemCollected
           $09F2 = ResolvePlayerScrollCollisions.store_vertical_gun_addr
           $09F5 = ResolvePlayerScrollCollisions.scroll_gun_left
           $0D0A = DestroyShip
           $0A1B = MoveSpaceship.done_checking_dpad
           $0A3D = CheckDirectionInputs
           $0C91 = ResolveShipEnemyCollisions
           $0A3B = MoveSpaceship.did_not_fire
           $0A30 = MoveSpaceship.check_for_a_press
           $0D80 = ChangeBulletDirection
           $0E23 = LaunchBullet
           $0AB9 = CheckDirectionInputs.check_for_down
           $0B2F = CheckDirectionInputs.check_for_left
           $0A9B = CheckDirectionInputs.MoveShipBackDown
           $0A91 = CheckDirectionInputs.CheckForItemDown
           $0B0B = CheckDirectionInputs.CheckForItemUp
           $0B14 = CheckDirectionInputs.MoveShipBackUp
           $0BAC = CheckDirectionInputs.check_for_right
           $0C25 = CheckDirectionInputs.done_checking_dpad
           $0B7F = CheckDirectionInputs.CheckForItemRight
           $0B89 = CheckDirectionInputs.MoveShipBackRight
           $0BFC = CheckDirectionInputs.CheckForItemLeft
           $0C05 = CheckDirectionInputs.MoveShipBackLeft
           $0C4D = FindShipTileIndexes.StartYLoop
           $0C45 = FindShipTileIndexes.XSubLoop
           $0C5C = FindShipTileIndexes.EndTileIndexLoops
           $0C54 = FindShipTileIndexes.YSubLoop
           $0C69 = FindShipTileIndexes.StoreStartAndMapWidth
           $0C71 = FindShipTileIndexes.GetTileIndexLoop
           $0C8D = StoreCurrentGunSpriteAddr.store_vertical_gun_addr
           $0C90 = StoreCurrentGunSpriteAddr.found_address
           $0CFC = ResolveShipEnemyCollisions.check_enemy_pos_loop_end
           $1771 = GetSpriteAddress
           $0CBF = ResolveShipEnemyCollisions.enemy_height_loop_start
           $0CE5 = ResolveShipEnemyCollisions.enemy_width_loop_start
           $0D09 = ResolveShipEnemyCollisions.end_enemy_checking
           $0C96 = ResolveShipEnemyCollisions.check_enemies_pos_loop
           $194B = PlayPlayerBossExplosionSound
           $0D72 = AnimateShip.anim_end
           $0D5A = AnimateShip.save_anim_address
           $0D78 = InitBulletData.init_bullets_loop
           $0D8A = ChangeBulletDirection.direction_changed
           $0DB2 = ChangeBulletDirection.check_down
           $0E22 = ChangeBulletDirection.directions_checked
           $0DD9 = ChangeBulletDirection.check_left
           $0DFE = ChangeBulletDirection.check_up
           $0E39 = LaunchBullet.found_empty_bullet
           $0E2B = LaunchBullet.find_empty_bullet_loop
           $0E4D = LaunchBullet.check_for_left
           $0E55 = LaunchBullet.setup_y_pos
           $0E67 = LaunchBullet.check_for_up
           $0E6F = LaunchBullet.continue_setup
           $1929 = PlayBulletSound
           $0EC3 = UpdateBulletTimers.update_bullets_loop_end
           $0E9E = UpdateBulletTimers.update_bullets_loop
           $106C = UpdateBulletPositions.update_bullets_pos_loop_end
           $0EF8 = UpdateBulletPositions.check_for_up
           $0F00 = UpdateBulletPositions.update_y_pos
           $0F14 = UpdateBulletPositions.check_for_left
           $0F1C = UpdateBulletPositions.update_x_pos
           $1075 = FindBulletTileIndexes
           $0F6E = UpdateBulletPositions.destroy_bullet_on_collision_or_bounds
           $0F68 = UpdateBulletPositions.finish_screen_checks
           $0F7F = UpdateBulletPositions.check_for_enemy_collision
           $105C = UpdateBulletPositions.check_enemy_pos_loop_end
           $0FC7 = UpdateBulletPositions.height_loop_start
           $0FF4 = UpdateBulletPositions.width_loop_start
           $101B = UpdateBulletPositions.bullet_collided_with_enemy
           $1954 = PlayEnemyHitSound
           $1032 = UpdateBulletPositions.destroy_bullet
           $14C2 = StartEnemyExplosion
           $1856 = AddEnemyScore
           $0F87 = UpdateBulletPositions.check_enemies_pos_loop
           $0ED2 = UpdateBulletPositions.update_bullets_pos_loop
           $1088 = FindBulletTileIndexes.StartYLoop
           $1081 = FindBulletTileIndexes.XSubLoop
           $1096 = FindBulletTileIndexes.EndTileIndexLoops
           $108F = FindBulletTileIndexes.YSubLoop
           $10A3 = FindBulletTileIndexes.StoreStartAndMapWidth
           $10AB = FindBulletTileIndexes.GetTileIndexLoop
           $10BD = InitEnemyData.init_enemy_data_loop
           $10CD = InitEnemyData.init_1x1_enemy_anim_data_loop
           $10DB = InitEnemyData.init_2x1_enemy_anim_data_loop
           $10E9 = InitEnemyData.init_2x2_enemy_anim_data_loop
           $111B = UpdateEnemyScrollPositions.update_enemies_pos_loop_end
           $15BE = UpdateEnemySpritePositions
           $10FE = UpdateEnemyScrollPositions.update_enemies_pos_loop
           $1148 = CreateEnemy.found_empty_enemy
           $1134 = CreateEnemy.find_empty_enemy_loop
           $1152 = CreateEnemy.calculate_y_loop
           $11B6 = SetupNewEnemy
           $1166 = EnemyBehaviourData
           $11D4 = SetupNewEnemy.enemy_data_found
           $12AE = SetupNewEnemy.cancel_setup_data
           $11BE = SetupNewEnemy.find_enemy_in_data_loop
           $11E1 = SetupNewEnemy.continue_with_loop
           $11DA = SetupNewEnemy.enemy_data_found_loop
           $12B3 = GetAnimationData
           $12AB = SetupNewEnemy.cancel_setup_anim
           $1209 = SetupNewEnemy.enemy_1x1_anim_sprite
           $1213 = SetupNewEnemy.enemy_2x1_anim_sprite
           $121D = SetupNewEnemy.enemy_2x2_anim_sprite
           $1227 = SetupNewEnemy.boss_anim_sprite
           $117E = EnemyAnim1x1Data
           $122F = SetupNewEnemy.find_anim_data
           $1183 = EnemyAnim2x1Data
           $118B = EnemyAnim2x2Data
           $1199 = EnemyAnimBossData
           $1243 = SetupNewEnemy.enemy_anim_data_found
           $1234 = SetupNewEnemy.find_anim_data_loop
           $1256 = SetupNewEnemy.enemy_1x1_anim_data_length
           $125A = SetupNewEnemy.enemy_2x1_anim_data_length
           $125E = SetupNewEnemy.enemy_2x2_anim_data_length
           $1262 = SetupNewEnemy.boss_anim_data_length
           $1264 = SetupNewEnemy.transfer_anim_data
           $1267 = SetupNewEnemy.transfer_anim_data_loop
           $1307 = GetEmptySpriteAddress
           $128B = SetupNewEnemy.enemy_1x1_anim_data_length_remaining
           $1290 = SetupNewEnemy.enemy_2x1_anim_data_length_remaining
           $12A1 = SetupNewEnemy.enemy_2x2_anim_data_length_remaining
           $12A6 = SetupNewEnemy.boss_anim_data_length_remaining
           $135D = Enemy1x1SpriteSetup
           $12A9 = SetupNewEnemy.sprite_data_set
           $129C = SetupNewEnemy.use_1x2
           $136D = Enemy2x1SpriteSetup
           $138D = Enemy1x2SpriteSetup
           $13AF = Enemy2x2SpriteSetup
           $13F3 = BossSpriteSetup
           $12B2 = SetupNewEnemy.end_setup
           $12D1 = GetAnimationData.setup1x1AnimData
           $12DA = GetAnimationData.setup2x1AnimData
           $12E3 = GetAnimationData.setup2x2AnimData
           $12EC = GetAnimationData.setupBossAnimData
           $12F3 = GetAnimationData.get_anim_data_loop
           $1304 = GetAnimationData.found_empty_anim_data
           $12F9 = GetAnimationData.move_to_next_anim_data_loop
           $131A = GetEmptySpriteAddress.setup1x1SpriteData
           $1323 = GetEmptySpriteAddress.setup2x1SpriteData
           $132C = GetEmptySpriteAddress.setup2x2SpriteData
           $1335 = GetEmptySpriteAddress.setupBossSpriteData
           $133E = GetEmptySpriteAddress.get_sprite_loop
           $135A = GetEmptySpriteAddress.store_sprite_address
           $134A = GetEmptySpriteAddress.sprite_being_used
           $1356 = GetEmptySpriteAddress.found_empty_sprite
           $134B = GetEmptySpriteAddress.move_to_next_sprite_set_loop
           $14A6 = UpdateEnemyBehaviours.update_enemies_loop_end
           $1592 = UpdateEnemyBehaviour
           $1788 = UpdateEnemyAnimation
           $1498 = UpdateEnemyBehaviours.update_enemies_loop
           $14C1 = CheckIfEnemyTile.done_checking
           $14DD = StartEnemyExplosion.sprite_1x1_count
           $14EB = StartEnemyExplosion.sprite_2x1_count
           $1506 = StartEnemyExplosion.sprite_2x2_count
           $151A = StartEnemyExplosion.sprite_boss_count
           $1942 = PlayEnemyExplosionSound
           $153E = StartEnemyExplosion.end_routine
           $14FE = StartEnemyExplosion.move_sprite_down
           $1502 = StartEnemyExplosion.finished_moving_sprite
           $152C = StartEnemyExplosion.display_explosion_tile
           $1533 = StartEnemyExplosion.hide_sprites_loop
           $1558 = CleanupEnemy.get_anim_data_address
           $043A = DisplayLevelEndStats
           $1577 = CleanupEnemy.sprite_1x1_count
           $157B = CleanupEnemy.sprite_2x1_count
           $157F = CleanupEnemy.sprite_2x2_count
           $1583 = CleanupEnemy.sprite_boss_count
           $1585 = CleanupEnemy.hide_sprites_loop
           $15A2 = UpdateEnemyBehaviour.enemy_alive_update
           $1652 = UpdateDeadEnemy
           $15BD = UpdateEnemyBehaviour.end_update
           $15AE = UpdateEnemyBehaviour.enemy_0_update
           $15B4 = UpdateEnemyBehaviour.enemy_1_update
           $1767 = Enemy0Update
           $15BA = UpdateEnemyBehaviour.update_sprite_positions
           $176D = Enemy1Update
           $15EE = UpdateEnemySpritePositions.end_update
           $15DF = UpdateEnemySpritePositions.update_2x1
           $15E6 = UpdateEnemySpritePositions.update_2x2
           $15EB = UpdateEnemySpritePositions.update_boss
           $15EF = UpdateSpriteRight
           $15FF = UpdateSpriteBelow
           $160F = Update2x2
           $1627 = UpdateBossSpritePos
           $166F = UpdateDead1x1
           $1699 = UpdateDead2x1
           $16BF = UpdateDead2x2OrBoss
           $1681 = UpdateDead1x1.frame_2
           $168B = UpdateDead1x1.frame_3
           $1695 = UpdateDead1x1.frame_4
           $1698 = UpdateDead1x1.update_end
           $1540 = CleanupEnemy
           $16AB = UpdateDead2x1.frame_2
           $16B3 = UpdateDead2x1.frame_3
           $16BB = UpdateDead2x1.frame_4
           $16BE = UpdateDead2x1.update_end
           $16DB = UpdateDead2x2OrBoss.frame_2
           $16E3 = UpdateDead2x2OrBoss.frame_3
           $1730 = UpdateDead2x2OrBoss.frame_4
           $175B = UpdateDead2x2OrBoss.frame_5
           $1763 = UpdateDead2x2OrBoss.frame_6
           $1766 = UpdateDead2x2OrBoss.update_end
           $177D = GetSpriteAddress.get_anim_data_address
           $1817 = UpdateEnemyAnimation.end_update
           $17A7 = UpdateEnemyAnimation.get_anim_data_address
           $1812 = UpdateEnemyAnimation.reset_hl
           $17D3 = UpdateEnemyAnimation.set_2x1_count
           $17DA = UpdateEnemyAnimation.set_2x2_count
           $17E1 = UpdateEnemyAnimation.set_boss_count
           $17E5 = UpdateEnemyAnimation.replace_tiles_loop
           $17F1 = UpdateEnemyAnimation.replace_tiles_with_frame_2
           $17EB = UpdateEnemyAnimation.replace_tiles_with_frame_1
           $1818 = ModifySpriteWithData
           $17FE = UpdateEnemyAnimation.current_tile_check_done
           $17F2 = UpdateEnemyAnimation.move_to_next_frame_loop
           $17FA = UpdateEnemyAnimation.move_to_current_frame_loop
           $1809 = UpdateEnemyAnimation.reset_timer
           $180A = UpdateEnemyAnimation.move_to_top_frame_loop
           $1847 = GetEnemyAnimTimer
           $1825 = ModifySpriteWithData.flip_tile_vertically
           $1837 = ModifySpriteWithData.flip_tile_horizontally
           $1846 = ModifySpriteWithData.end_modification
           $1830 = ModifySpriteWithData.reset_vertical
           $1832 = ModifySpriteWithData.save_vertical_flag
           $1842 = ModifySpriteWithData.reset_horizontal
           $1844 = ModifySpriteWithData.save_horizontal_flag
           $1853 = GetEnemy0AnimTimer
           $1878 = AddAToCurrentScore.continue_adding_score
           $1898 = AddAToCurrentScore.display_max_score
           $189D = AddAToCurrentScore.update_score_display
           $2485 = DisplayMaxScore
           $18A3 = AddAToCurrentScore.score_adding_finished
           $249E = DisplayMinScore
           $18D2 = ResetScoreToCheckpoint.add_current_score
           $18C5 = ResetScoreToCheckpoint.add_score_loop
           $18F9 = SaveHiScore.save_high_score
           $190B = SaveHiScore.end_saving
           $458B = CWGB_data
           $1997 = gbt_play
           $1A4C = gbt_loop
           $196A = BulletSoundData
           $1932 = PlaySoundOnChannelOne
           $196F = EnemyExplosionSoundData
           $195D = PlaySoundOnChannelFour
           $1973 = PlayerExplosionSoundData
           $1977 = BossHitSoundData
           $197B = gbt_get_pattern_ptr
           $1A79 = gbt_update.dontexit
           $2180 = gbt_update_effects_bank1
           $1AA1 = gbt_update.dont_stop
           $1A50 = gbt_stop
           $1ABB = gbt_update.more_bytes
           $1AC5 = gbt_update.no_more_bytes_this_channel
           $1AC2 = gbt_update.one_more_byte
           $1AAE = gbt_update.copy_loop
           $1B09 = gbt_update.dont_increment_pattern
           $1B09 = gbt_update.not_ended
           $1B04 = gbt_update.loop_disabled
           $1B09 = gbt_update.end_handling_steps_pattern
           $2165 = gbt_update_bank1
           $1B44 = gbt_update.next_channel_more_bytes
           $1B4A = gbt_update.next_channel_no_more_bytes_this_channel
           $1B49 = gbt_update.next_channel_one_more_byte
           $1B39 = gbt_update.next_channel
           $1BE6 = gbt_frequencies
           $1C9D = gbt_channel_1_handle.channel1_enabled
           $1C95 = gbt_channel_1_handle.more_bytes
           $1C9C = gbt_channel_1_handle.no_more_bytes_this_channel
           $1C9B = gbt_channel_1_handle.one_more_byte
           $1CC5 = gbt_channel_1_handle.has_frequency
           $1CB5 = gbt_channel_1_handle.instr_effects
           $1CAC = gbt_channel_1_handle.just_set_volume
           $1CFB = gbt_channel_1_handle.refresh_channel1_regs
           $1D76 = gbt_channel_1_set_effect
           $1C76 = _gbt_get_freq_from_index
           $1CED = gbt_channel_1_handle.freq_instr_and_effect
           $1D2A = channel1_update_effects.dont_cut
           $1D49 = channel1_update_effects.not_tick_0
           $1D62 = channel1_update_effects.not_tick_1
           $1D84 = gbt_channel_1_set_effect.gbt_ch1_jump_table
           $1DA4 = gbt_channel_1_set_effect.gbt_ch1_pan
           $1DAC = gbt_channel_1_set_effect.gbt_ch1_arpeggio
           $1DC7 = gbt_channel_1_set_effect.gbt_ch1_cut_note
           $213C = gbt_ch1234_nop
           $213E = gbt_ch1234_jump_pattern
           $214F = gbt_ch1234_jump_position
           $215D = gbt_ch1234_speed
           $1DE7 = gbt_channel_2_handle.channel2_enabled
           $1DDF = gbt_channel_2_handle.more_bytes
           $1DE6 = gbt_channel_2_handle.no_more_bytes_this_channel
           $1DE5 = gbt_channel_2_handle.one_more_byte
           $1E0F = gbt_channel_2_handle.has_frequency
           $1DFF = gbt_channel_2_handle.instr_effects
           $1DF6 = gbt_channel_2_handle.just_set_volume
           $1E45 = gbt_channel_2_handle.refresh_channel2_regs
           $1EBD = gbt_channel_2_set_effect
           $1E37 = gbt_channel_2_handle.freq_instr_and_effect
           $1E71 = channel2_update_effects.dont_cut
           $1E90 = channel2_update_effects.not_tick_0
           $1EA9 = channel2_update_effects.not_tick_1
           $1ECB = gbt_channel_2_set_effect.gbt_ch2_jump_table
           $1EEB = gbt_channel_2_set_effect.gbt_ch2_pan
           $1EF3 = gbt_channel_2_set_effect.gbt_ch2_arpeggio
           $1F0E = gbt_channel_2_set_effect.gbt_ch2_cut_note
           $1F2E = gbt_channel_3_handle.channel3_enabled
           $1F26 = gbt_channel_3_handle.more_bytes
           $1F2D = gbt_channel_3_handle.no_more_bytes_this_channel
           $1F2C = gbt_channel_3_handle.one_more_byte
           $1F4F = gbt_channel_3_handle.has_frequency
           $1F46 = gbt_channel_3_handle.effects
           $1F3D = gbt_channel_3_handle.just_set_volume
           $1F82 = gbt_channel_3_handle.refresh_channel3_regs
           $2025 = gbt_channel_3_set_effect
           $1F74 = gbt_channel_3_handle.freq_instr_and_effect
           $1FA9 = gbt_channel3_load_instrument
           $1B56 = gbt_wave
           $1FB9 = gbt_channel3_load_instrument.loop
           $1FD9 = channel3_update_effects.dont_cut
           $1FF8 = channel3_update_effects.not_tick_0
           $2011 = channel3_update_effects.not_tick_1
           $2033 = gbt_channel_3_set_effect.gbt_ch3_jump_table
           $2053 = gbt_channel_3_set_effect.gbt_ch3_pan
           $205B = gbt_channel_3_set_effect.gbt_ch3_arpeggio
           $2076 = gbt_channel_3_set_effect.gbt_ch3_cut_note
           $2096 = gbt_channel_4_handle.channel4_enabled
           $208E = gbt_channel_4_handle.more_bytes
           $2095 = gbt_channel_4_handle.no_more_bytes_this_channel
           $2094 = gbt_channel_4_handle.one_more_byte
           $20B7 = gbt_channel_4_handle.has_instrument
           $20AE = gbt_channel_4_handle.effects
           $20A5 = gbt_channel_4_handle.just_set_volume
           $20D8 = gbt_channel_4_handle.refresh_channel4_regs
           $2101 = gbt_channel_4_set_effect
           $1BD6 = gbt_noise
           $20D3 = gbt_channel_4_handle.instr_and_effect
           $20FF = channel4_update_effects.dont_cut
           $210F = gbt_channel_4_set_effect.gbt_ch4_jump_table
           $212F = gbt_channel_4_set_effect.gbt_ch4_pan
           $2137 = gbt_channel_4_set_effect.gbt_ch4_cut_note
           $1C82 = gbt_channel_1_handle
           $1DCC = gbt_channel_2_handle
           $1F13 = gbt_channel_3_handle
           $207B = gbt_channel_4_handle
           $1D15 = channel1_update_effects
           $1CFB = channel1_refresh_registers
           $1E5C = channel2_update_effects
           $1E45 = channel2_refresh_registers
           $1FC0 = channel3_update_effects
           $1F82 = channel3_refresh_registers
           $20EA = channel4_update_effects
           $20D8 = channel4_refresh_registers
           $3FD0 = TileLabel
           $4180 = WindowTiles
           $23CB = LoadWindowTiles
           $21B8 = LoadTiles.load_tiles_loop
           $21D1 = InitSprites.init_sprites_loop
           $21E5 = LoadMapToBkg.get_map_block_loop_start
           $21DD = LoadMapToBkg.get_map_start_loop
           $21F3 = LoadMapToBkg.setup_load_map_loop
           $21EB = LoadMapToBkg.get_map_block_loop
           $2215 = LoadMapToBkg.load_tile
           $2211 = LoadMapToBkg.load_zero
           $2218 = LoadMapToBkg.wait_for_write_mode
           $2237 = LoadMapToBkg.go_to_map_loop
           $2205 = LoadMapToBkg.load_map_loop
           $22D7 = ScrollLevel.return_to_main
           $2298 = ScrollLevel.continue_scrolling
           $22A6 = ScrollLevel.vblank_do_scroll
           $22D8 = HandleColumnLoad
           $10F9 = UpdateEnemyScrollPositions
           $09A7 = ResolvePlayerScrollCollisions
           $22F4 = HandleColumnLoad.track_screen_scroll
           $2306 = HandleColumnLoad.track_window_scroll
           $2316 = HandleColumnLoad.get_map_start_point
           $2328 = HandleColumnLoad.get_map_block_loop_start
           $2320 = HandleColumnLoad.get_map_start_loop
           $2336 = HandleColumnLoad.load_next_map_column
           $232E = HandleColumnLoad.get_map_block_loop
           $2354 = HandleColumnLoad.load_tile
           $2350 = HandleColumnLoad.load_zero
           $2357 = HandleColumnLoad.wait_for_write_mode
           $23A3 = HandleColumnLoad.check_for_enemy_tile
           $2398 = HandleColumnLoad.calculate_ship_y_loop
           $23B4 = HandleColumnLoad.get_next_column_tile
           $14B2 = CheckIfEnemyTile
           $1127 = CreateEnemy
           $2344 = HandleColumnLoad.load_next_column_loop
           $23CF = LoadWindowTiles.load_tiles_loop
           $3B99 = WindowMap
           $23EE = LoadMapToWindow.display_tiles_loop
           $2484 = UpdateScoreDisplay.end_display_routine
           $2415 = UpdateScoreDisplay.offset_found
           $2416 = UpdateScoreDisplay.increase_next_score_loop
           $2456 = UpdateScoreDisplay.subtract_c
           $2431 = UpdateScoreDisplay.incrementing_to_left_loop
           $244E = UpdateScoreDisplay.finished_incrementing_to_left
           $243F = UpdateScoreDisplay.wait_for_sprite_mode_end_1
           $2425 = UpdateScoreDisplay.increase_current_score_loop
           $2462 = UpdateScoreDisplay.wait_for_sprite_mode_end_2
           $2480 = UpdateScoreDisplay.loop_with_1
           $2492 = DisplayMaxScore.max_score_display_loop
           $24AB = DisplayMinScore.min_score_display_loop
           $24C5 = UpdateLivesDisplay.wait_for_sprite_mode_end
           $4359 = CWGB_0
           $4475 = CWGB_1
           $1A43 = gbt_pause
           $4050 = TileLabelTLE8
           $4060 = TileLabelTLE9
           $3FF0 = TileLabelTLE2
           $4000 = TileLabelTLE3
           $3FD0 = TileLabelTLE0
           $3FE0 = TileLabelTLE1
           $4030 = TileLabelTLE6
           $4040 = TileLabelTLE7
           $4010 = TileLabelTLE4
           $4020 = TileLabelTLE5
           $1A5B = gbt_enable_channels
           $4110 = TileLabelTLE20
           $4120 = TileLabelTLE21
           $4130 = TileLabelTLE22
           $4140 = TileLabelTLE23
           $4150 = TileLabelTLE24
           $4160 = TileLabelTLE25
           $4170 = TileLabelTLE26
           $4100 = TileLabelTLE19
           $40F0 = TileLabelTLE18
           $40A0 = TileLabelTLE13
           $4090 = TileLabelTLE12
           $4080 = TileLabelTLE11
           $4070 = TileLabelTLE10
           $40E0 = TileLabelTLE17
           $40D0 = TileLabelTLE16
           $40C0 = TileLabelTLE15
           $40B0 = TileLabelTLE14
    SLACK: $3B45 bytes

WRAM Bank #0:
  SECTION: $C000-$C09F ($00A0 bytes) ["RAM_Start_Sprites"]
           $C000 = spaceshipL_ypos
           $C004 = spaceshipR_ypos
           $C001 = spaceshipL_xpos
           $C005 = spaceshipR_xpos
           $C002 = spaceshipL_tile
           $C008 = spaceshipLAnim1_ypos
           $C009 = spaceshipLAnim1_xpos
           $C00C = spaceshipLAnim2_ypos
           $C00D = spaceshipLAnim2_xpos
           $C006 = spaceshipR_tile
           $C007 = spaceshipR_flags
           $C00A = spaceshipLAnim1_tile
           $C00B = spaceshipLAnim1_flags
           $C00E = spaceshipLAnim2_tile
           $C00F = spaceshipLAnim2_flags
           $C003 = spaceshipL_flags
           $C010 = spaceshipGun_ypos
           $C011 = spaceshipGun_xpos
           $C012 = spaceshipGun_tile
           $C013 = spaceshipGun_flags
           $C014 = spaceshipGunVertical_ypos
           $C015 = spaceshipGunVertical_xpos
           $C016 = spaceshipGunVertical_tile
           $C017 = spaceshipGunVertical_flags
           $C018 = bullet_sprites
           $C028 = enemy_sprites_1x1
           $C048 = enemy_sprites_2x1
           $C070 = enemy_sprites_2x2
  SECTION: $C0A0-$C227 ($0188 bytes) ["RAM_Working_Variables"]
           $C1B5 = vblank_flag
           $C1DF = game_state
           $C1B6 = joypad_held
           $C1B7 = joypad_down
           $C1BF = game_paused
           $C1C3 = high_current_score
           $C1C4 = high_score_tracker_lower
           $C1C5 = high_score_tracker_higher
           $C1A0 = enemy_data_size
           $C1E1 = level_count
           $C1B8 = alive
           $C1BE = game_over_sequence_timer
           $C1E2 = level_end_reached
           $C1E3 = boss_defeated
           $C1E0 = level_no
           $C1C0 = current_score
           $C1C1 = score_tracker_lower
           $C1C2 = score_tracker_higher
           $C1CD = checkpoint_current_score
           $C1CE = checkpoint_score_tracker_lower
           $C1CF = checkpoint_score_tracker_higher
           $C1BD = lives
           $C1CA = checkpoint_map_block
           $C1CB = checkpoint_tiles_scrolled
           $C1D7 = PixelsScrolled
           $C1D8 = TotalTilesScrolled
           $C1D9 = CurrentBGMapScrollTileX
           $C1DA = CurrentWindowTileX
           $C1DB = CurrentMapBlock
           $C1AE = current_bullet_direction
           $C1D6 = ScrollTimer
           $C1D0 = enemies_destroyed
           $C1D1 = items_collected
           $C1D2 = checkpoint_enemies_destroyed
           $C1D3 = checkpoint_items_collected
           $C1CC = checkpoint_ship_y
           $C1C6 = checkpoint_pixels
           $C1DC = CurrentMapBlockTotal
           $C1E6 = current_level_completion_bonus
           $C1DD = CurrentTilesetWidth
           $C1E5 = end_level_sequence_phase
           $C1E4 = end_level_sequence_timer
           $C1B9 = death_timer
           $C1BA = player_animation_timer
           $C1BB = current_anim_frame_upper
           $C1BC = current_anim_frame_lower
           $C0FC = enemy_data
           $C1A6 = bullet_data
           $C1B0 = current_bullet_ypos
           $C1AF = current_bullet_xpos
           $C1D4 = current_enemy_width
           $C1D5 = current_enemy_height
           $C1B4 = current_enemy_score_value
           $C1B1 = current_enemy_index
           $C1B2 = current_enemy_address_upper
           $C1B3 = current_enemy_address_lower
           $C0A0 = enemy_animation_data_1x1
           $C0C0 = enemy_animation_data_2x1
           $C0DE = enemy_animation_data_2x2
           $C18C = boss_animation_data
           $C1A1 = enemy_tile
           $C1DE = CurrentColumnHeight
           $C1A2 = new_enemy_y_pos
           $C1A3 = new_enemy_anim_data_length
           $C1A5 = enemy_tile_width
           $C1A4 = enemy_tile_count
           $C1E8 = gbt_pattern_array_ptr
           $C1FE = gbt_current_step_data_bank
           $C1FC = gbt_current_step_data_ptr
           $C1EB = gbt_speed
           $C1EA = gbt_pattern_array_bank
           $C1FA = gbt_current_step
           $C1FB = gbt_current_pattern
           $C1F9 = gbt_ticks_elapsed
           $C1F8 = gbt_loop_enabled
           $C226 = gbt_have_to_stop_next_step
           $C227 = gbt_update_pattern_pointers
           $C212 = gbt_channel3_loaded_instrument
           $C1FF = gbt_channels_enabled
           $C200 = gbt_pan
           $C204 = gbt_vol
           $C208 = gbt_instr
           $C20C = gbt_freq
           $C21C = gbt_arpeggio_enabled
           $C222 = gbt_cut_note_tick
           $C1E7 = gbt_playing
           $C1EC = gbt_temp_play_data
           $C213 = gbt_arpeggio_freq_index
           $C21F = gbt_arpeggio_tick
           $C1C7 = checkpoint_appearance_map_block
           $C1C8 = checkpoint_appearance_tiles_scrolled
           $C1C9 = checkpoint_appearance_ship_y
    SLACK: $0DD8 bytes

WRAM Bank #1:
  EMPTY

WRAM Bank #2:
  EMPTY

WRAM Bank #3:
  EMPTY

WRAM Bank #4:
  EMPTY

WRAM Bank #5:
  EMPTY

WRAM Bank #6:
  EMPTY

WRAM Bank #7:
  EMPTY

VRAM Bank #0:
  EMPTY

VRAM Bank #1:
  EMPTY

OAM:
  EMPTY

HRAM:
  EMPTY

SRAM Bank #0:
  EMPTY

SRAM Bank #1:
  EMPTY

SRAM Bank #2:
  EMPTY

SRAM Bank #3:
  EMPTY

SRAM Bank #4:
  EMPTY

SRAM Bank #5:
  EMPTY

SRAM Bank #6:
  EMPTY

SRAM Bank #7:
  EMPTY

SRAM Bank #8:
  EMPTY

SRAM Bank #9:
  EMPTY

SRAM Bank #10:
  EMPTY

SRAM Bank #11:
  EMPTY

SRAM Bank #12:
  EMPTY

SRAM Bank #13:
  EMPTY

SRAM Bank #14:
  EMPTY

SRAM Bank #15:
  EMPTY

