ROM Bank #0 (HOME):
  SECTION: $0000-$0002 ($0003 bytes) ["ROM_Start"]
  SECTION: $0008-$000A ($0003 bytes) ["Org $08"]
  SECTION: $0010-$0012 ($0003 bytes) ["Org $10"]
  SECTION: $0018-$001A ($0003 bytes) ["Org $18"]
  SECTION: $0020-$0022 ($0003 bytes) ["Org $20"]
  SECTION: $0028-$0038 ($0011 bytes) ["Org $28"]
           $002E = RST_28.copy_data_loop
  SECTION: $0040-$0042 ($0003 bytes) ["VBlank_IRQ_Jump"]
  SECTION: $0048-$0048 ($0001 bytes) ["LCDC_IRQ_Jump"]
  SECTION: $0050-$0050 ($0001 bytes) ["Timer_Overflow_IRQ_Jump"]
  SECTION: $0058-$0058 ($0001 bytes) ["Serial_IRQ_Jump"]
  SECTION: $0060-$0060 ($0001 bytes) ["Joypad_IRQ_Jump"]
  SECTION: $0100-$014F ($0050 bytes) ["GameBoy_Header_Start"]
  SECTION: $0150-$3EBE ($3D6F bytes) ["Game_Code_Start"]
           $034C = VBlankFunc
           $0150 = start
           $033D = Wait_For_Vblank
           $022B = CLEAR_MAP
           $0246 = CLEAR_OAM
           $0255 = CLEAR_RAM
           $01B9 = InitWorkingVariablesOnStartup
           $01CA = Setup_Main_Menu
           $1781 = InitSoundChannels
           $0329 = DMA_COPY
           $078A = ReadJoypad
           $01A9 = Game_Loop.update_main_game
           $01B1 = Game_Loop.update_end_game
           $01D6 = Main_Menu_Update
           $01B4 = Game_Loop.vblank_routine
           $01E9 = Main_Game
           $0BE8 = AnimateShip
           $0328 = End_Game_Update
           $018B = Game_Loop
           $2042 = InitSprites
           $01E8 = Main_Menu_Update.end_update
           $0264 = NewGameStart
           $0201 = Main_Game.check_for_end_level
           $01FC = Main_Game.animate_player_death
           $077A = Game_Over_Update
           $0217 = Main_Game.end_main_update
           $05EA = Player_Dead_Update
           $0214 = Main_Game.do_main_update
           $0456 = Level_Complete_Update
           $0218 = Main_Game_Loop
           $20E3 = ScrollLevel
           $0D41 = UpdateBulletTimers
           $0D76 = UpdateBulletPositions
           $133E = UpdateEnemyBehaviours
           $08C3 = MoveSpaceship
           $18D4 = gbt_update
           $0232 = CLEAR_MAP.clear_map_loop
           $024C = CLEAR_OAM.clear_oam_loop
           $025B = CLEAR_RAM.clear_ram_loop
           $0271 = InitWorkingVariablesOnNewGame
           $0297 = InitLevelStart
           $2259 = LoadMapToWindow
           $2332 = UpdateLivesDisplay
           $02DE = InitWorkingVariablesOnLevelStart
           $2012 = InitLevel
           $0313 = LoadCurrentMapIntoHL
           $204E = LoadMapToBkg
           $0C1E = InitBulletData
           $0F61 = InitEnemyData
           $07C6 = InitPlayerData
           $07E1 = InitPlayerSprite
           $031A = LoadCurrentMapIntoHL.load_level_1
           $234C = TestMap
           $0345 = Wait_For_Vram
           $05C8 = ClearAllSpritesExceptShip
           $38BF = LevelEndMap
           $037A = DisplayLevelEndStats.display_first_line_loop
           $0390 = DisplayLevelEndStats.display_second_line_loop
           $041C = DisplayDigitTen
           $03A5 = DisplayLevelEndStats.wait_for_mode
           $03C2 = DisplayLevelEndStats.display_third_line_loop
           $03D7 = DisplayLevelEndStats.wait_for_mode_2
           $03F4 = DisplayLevelEndStats.display_fourth_line_loop
           $0439 = DisplayDigitHundred
           $0430 = DisplayDigitTen.wait_for_non_sprite_mode
           $0427 = DisplayDigitTen.calculate_digit_loop
           $044D = DisplayDigitHundred.wait_for_non_sprite_mode
           $0444 = DisplayDigitHundred.calculate_digit_loop
           $047F = Level_Complete_Update.move_window_up
           $0491 = Level_Complete_Update.update_timer
           $04A5 = Level_Complete_Update.update_enemy_count_sequence
           $04BF = Level_Complete_Update.update_item_count_sequence
           $04FF = Level_Complete_Update.add_bonus_points
           $0522 = Level_Complete_Update.finish_end_level_sequence
           $0533 = Level_Complete_Update.end_update
           $052C = Level_Complete_Update.increment_phase
           $058A = StoreScorePositionInHL
           $04D6 = Level_Complete_Update.store_next_digit
           $059C = StoreItemPositionInHL
           $04DA = Level_Complete_Update.wait_for_mode
           $1708 = AddAToCurrentScore
           $04F8 = Level_Complete_Update.increment_timer_for_next_phase
           $05AE = StoreBonusPositionInHL
           $050A = Level_Complete_Update.display_bonus_loop
           $05DC = LoadNextLevel
           $0589 = Level_Complete_Update.move_ship_finished
           $08BA = StoreCurrentPlayerAnimAddress
           $0B2F = StoreCurrentGunSpriteAddr
           $0561 = Level_Complete_Update.move_ship_x
           $054F = Level_Complete_Update.move_y_up
           $0551 = Level_Complete_Update.store_new_y
           $0573 = Level_Complete_Update.move_x_left
           $0575 = Level_Complete_Update.store_new_x
           $05C0 = StoreTopLeftPositionInHL
           $05D7 = ClearAllSpritesExceptShip.init_sprites_loop
           $060C = Player_Dead_Update.animate_explosion
           $0607 = Player_Dead_Update.reset_player
           $072C = Set_Up_Game_Over_Screen
           $0623 = Player_Dead_Update.dead_update_end
           $0624 = ResetPlayerOnDeath
           $0682 = PlayerDeathFrame2
           $06C1 = PlayerDeathFrame3
           $0688 = PlayerDeathFrame4
           $06B2 = PlayerDeathFrame5
           $06B8 = PlayerDeathFrame6
           $0651 = InitWorkingVariablesOnDeath
           $174F = ResetScoreToCheckpoint
           $0675 = ResetStatsToCheckpoint
           $075F = CLEAR_WINDOW_MAP
           $3C7B = GameOverTiles
           $074D = Set_Up_Game_Over_Screen.display_first_line_loop
           $0766 = CLEAR_WINDOW_MAP.clear_map_loop
           $0789 = Game_Over_Update.end_update
           $0AEC = FindShipTileIndexes
           $0876 = ResolvePlayerScrollCollisions.CheckForItemScroll
           $08B9 = ResolvePlayerScrollCollisions.return_to_main
           $087F = ResolvePlayerScrollCollisions.MoveShipBackLeft
           $0AD9 = ItemCollected
           $08A5 = ResolvePlayerScrollCollisions.store_vertical_gun_addr
           $08A8 = ResolvePlayerScrollCollisions.scroll_gun_left
           $0BB5 = DestroyShip
           $08CE = MoveSpaceship.done_checking_dpad
           $08F0 = CheckDirectionInputs
           $0B44 = ResolveShipEnemyCollisions
           $08EE = MoveSpaceship.did_not_fire
           $08E3 = MoveSpaceship.check_for_a_press
           $0C2B = ChangeBulletDirection
           $0CCE = LaunchBullet
           $096C = CheckDirectionInputs.check_for_down
           $09E2 = CheckDirectionInputs.check_for_left
           $094E = CheckDirectionInputs.MoveShipBackDown
           $0944 = CheckDirectionInputs.CheckForItemDown
           $09BE = CheckDirectionInputs.CheckForItemUp
           $09C7 = CheckDirectionInputs.MoveShipBackUp
           $0A5F = CheckDirectionInputs.check_for_right
           $0AD8 = CheckDirectionInputs.done_checking_dpad
           $0A32 = CheckDirectionInputs.CheckForItemRight
           $0A3C = CheckDirectionInputs.MoveShipBackRight
           $0AAF = CheckDirectionInputs.CheckForItemLeft
           $0AB8 = CheckDirectionInputs.MoveShipBackLeft
           $0B00 = FindShipTileIndexes.StartYLoop
           $0AF8 = FindShipTileIndexes.XSubLoop
           $0B0F = FindShipTileIndexes.EndTileIndexLoops
           $0B07 = FindShipTileIndexes.YSubLoop
           $0B1C = FindShipTileIndexes.StoreStartAndMapWidth
           $0B24 = FindShipTileIndexes.GetTileIndexLoop
           $0B40 = StoreCurrentGunSpriteAddr.store_vertical_gun_addr
           $0B43 = StoreCurrentGunSpriteAddr.found_address
           $0BA7 = ResolveShipEnemyCollisions.check_enemy_pos_loop_end
           $161C = GetSpriteAddress
           $0B6A = ResolveShipEnemyCollisions.enemy_height_loop_start
           $0B90 = ResolveShipEnemyCollisions.enemy_width_loop_start
           $0BB4 = ResolveShipEnemyCollisions.end_enemy_checking
           $0B49 = ResolveShipEnemyCollisions.check_enemies_pos_loop
           $17C0 = PlayPlayerBossExplosionSound
           $0C1D = AnimateShip.anim_end
           $0C05 = AnimateShip.save_anim_address
           $0C23 = InitBulletData.init_bullets_loop
           $0C35 = ChangeBulletDirection.direction_changed
           $0C5D = ChangeBulletDirection.check_down
           $0CCD = ChangeBulletDirection.directions_checked
           $0C84 = ChangeBulletDirection.check_left
           $0CA9 = ChangeBulletDirection.check_up
           $0CE4 = LaunchBullet.found_empty_bullet
           $0CD6 = LaunchBullet.find_empty_bullet_loop
           $0CF8 = LaunchBullet.check_for_left
           $0D00 = LaunchBullet.setup_y_pos
           $0D12 = LaunchBullet.check_for_up
           $0D1A = LaunchBullet.continue_setup
           $179E = PlayBulletSound
           $0D6E = UpdateBulletTimers.update_bullets_loop_end
           $0D49 = UpdateBulletTimers.update_bullets_loop
           $0F17 = UpdateBulletPositions.update_bullets_pos_loop_end
           $0DA3 = UpdateBulletPositions.check_for_up
           $0DAB = UpdateBulletPositions.update_y_pos
           $0DBF = UpdateBulletPositions.check_for_left
           $0DC7 = UpdateBulletPositions.update_x_pos
           $0F20 = FindBulletTileIndexes
           $0E19 = UpdateBulletPositions.destroy_bullet_on_collision_or_bounds
           $0E13 = UpdateBulletPositions.finish_screen_checks
           $0E2A = UpdateBulletPositions.check_for_enemy_collision
           $0F07 = UpdateBulletPositions.check_enemy_pos_loop_end
           $0E72 = UpdateBulletPositions.height_loop_start
           $0E9F = UpdateBulletPositions.width_loop_start
           $0EC6 = UpdateBulletPositions.bullet_collided_with_enemy
           $17C9 = PlayEnemyHitSound
           $0EDD = UpdateBulletPositions.destroy_bullet
           $136D = StartEnemyExplosion
           $1701 = AddEnemyScore
           $0E32 = UpdateBulletPositions.check_enemies_pos_loop
           $0D7D = UpdateBulletPositions.update_bullets_pos_loop
           $0F33 = FindBulletTileIndexes.StartYLoop
           $0F2C = FindBulletTileIndexes.XSubLoop
           $0F41 = FindBulletTileIndexes.EndTileIndexLoops
           $0F3A = FindBulletTileIndexes.YSubLoop
           $0F4E = FindBulletTileIndexes.StoreStartAndMapWidth
           $0F56 = FindBulletTileIndexes.GetTileIndexLoop
           $0F68 = InitEnemyData.init_enemy_data_loop
           $0F78 = InitEnemyData.init_1x1_enemy_anim_data_loop
           $0F86 = InitEnemyData.init_2x1_enemy_anim_data_loop
           $0F94 = InitEnemyData.init_2x2_enemy_anim_data_loop
           $0FC6 = UpdateEnemyScrollPositions.update_enemies_pos_loop_end
           $1469 = UpdateEnemySpritePositions
           $0FA9 = UpdateEnemyScrollPositions.update_enemies_pos_loop
           $0FF3 = CreateEnemy.found_empty_enemy
           $0FDF = CreateEnemy.find_empty_enemy_loop
           $0FFD = CreateEnemy.calculate_y_loop
           $1061 = SetupNewEnemy
           $1011 = EnemyBehaviourData
           $107F = SetupNewEnemy.enemy_data_found
           $1159 = SetupNewEnemy.cancel_setup_data
           $1069 = SetupNewEnemy.find_enemy_in_data_loop
           $108C = SetupNewEnemy.continue_with_loop
           $1085 = SetupNewEnemy.enemy_data_found_loop
           $115E = GetAnimationData
           $1156 = SetupNewEnemy.cancel_setup_anim
           $10B4 = SetupNewEnemy.enemy_1x1_anim_sprite
           $10BE = SetupNewEnemy.enemy_2x1_anim_sprite
           $10C8 = SetupNewEnemy.enemy_2x2_anim_sprite
           $10D2 = SetupNewEnemy.boss_anim_sprite
           $1029 = EnemyAnim1x1Data
           $10DA = SetupNewEnemy.find_anim_data
           $102E = EnemyAnim2x1Data
           $1036 = EnemyAnim2x2Data
           $1044 = EnemyAnimBossData
           $10EE = SetupNewEnemy.enemy_anim_data_found
           $10DF = SetupNewEnemy.find_anim_data_loop
           $1101 = SetupNewEnemy.enemy_1x1_anim_data_length
           $1105 = SetupNewEnemy.enemy_2x1_anim_data_length
           $1109 = SetupNewEnemy.enemy_2x2_anim_data_length
           $110D = SetupNewEnemy.boss_anim_data_length
           $110F = SetupNewEnemy.transfer_anim_data
           $1112 = SetupNewEnemy.transfer_anim_data_loop
           $11B2 = GetEmptySpriteAddress
           $1136 = SetupNewEnemy.enemy_1x1_anim_data_length_remaining
           $113B = SetupNewEnemy.enemy_2x1_anim_data_length_remaining
           $114C = SetupNewEnemy.enemy_2x2_anim_data_length_remaining
           $1151 = SetupNewEnemy.boss_anim_data_length_remaining
           $1208 = Enemy1x1SpriteSetup
           $1154 = SetupNewEnemy.sprite_data_set
           $1147 = SetupNewEnemy.use_1x2
           $1218 = Enemy2x1SpriteSetup
           $1238 = Enemy1x2SpriteSetup
           $125A = Enemy2x2SpriteSetup
           $129E = BossSpriteSetup
           $115D = SetupNewEnemy.end_setup
           $117C = GetAnimationData.setup1x1AnimData
           $1185 = GetAnimationData.setup2x1AnimData
           $118E = GetAnimationData.setup2x2AnimData
           $1197 = GetAnimationData.setupBossAnimData
           $119E = GetAnimationData.get_anim_data_loop
           $11AF = GetAnimationData.found_empty_anim_data
           $11A4 = GetAnimationData.move_to_next_anim_data_loop
           $11C5 = GetEmptySpriteAddress.setup1x1SpriteData
           $11CE = GetEmptySpriteAddress.setup2x1SpriteData
           $11D7 = GetEmptySpriteAddress.setup2x2SpriteData
           $11E0 = GetEmptySpriteAddress.setupBossSpriteData
           $11E9 = GetEmptySpriteAddress.get_sprite_loop
           $1205 = GetEmptySpriteAddress.store_sprite_address
           $11F5 = GetEmptySpriteAddress.sprite_being_used
           $1201 = GetEmptySpriteAddress.found_empty_sprite
           $11F6 = GetEmptySpriteAddress.move_to_next_sprite_set_loop
           $1351 = UpdateEnemyBehaviours.update_enemies_loop_end
           $143D = UpdateEnemyBehaviour
           $1633 = UpdateEnemyAnimation
           $1343 = UpdateEnemyBehaviours.update_enemies_loop
           $136C = CheckIfEnemyTile.done_checking
           $1388 = StartEnemyExplosion.sprite_1x1_count
           $1396 = StartEnemyExplosion.sprite_2x1_count
           $13B1 = StartEnemyExplosion.sprite_2x2_count
           $13C5 = StartEnemyExplosion.sprite_boss_count
           $17B7 = PlayEnemyExplosionSound
           $13E9 = StartEnemyExplosion.end_routine
           $13A9 = StartEnemyExplosion.move_sprite_down
           $13AD = StartEnemyExplosion.finished_moving_sprite
           $13D7 = StartEnemyExplosion.display_explosion_tile
           $13DE = StartEnemyExplosion.hide_sprites_loop
           $1403 = CleanupEnemy.get_anim_data_address
           $035A = DisplayLevelEndStats
           $1422 = CleanupEnemy.sprite_1x1_count
           $1426 = CleanupEnemy.sprite_2x1_count
           $142A = CleanupEnemy.sprite_2x2_count
           $142E = CleanupEnemy.sprite_boss_count
           $1430 = CleanupEnemy.hide_sprites_loop
           $144D = UpdateEnemyBehaviour.enemy_alive_update
           $14FD = UpdateDeadEnemy
           $1468 = UpdateEnemyBehaviour.end_update
           $1459 = UpdateEnemyBehaviour.enemy_0_update
           $145F = UpdateEnemyBehaviour.enemy_1_update
           $1612 = Enemy0Update
           $1465 = UpdateEnemyBehaviour.update_sprite_positions
           $1618 = Enemy1Update
           $1499 = UpdateEnemySpritePositions.end_update
           $148A = UpdateEnemySpritePositions.update_2x1
           $1491 = UpdateEnemySpritePositions.update_2x2
           $1496 = UpdateEnemySpritePositions.update_boss
           $149A = UpdateSpriteRight
           $14AA = UpdateSpriteBelow
           $14BA = Update2x2
           $14D2 = UpdateBossSpritePos
           $151A = UpdateDead1x1
           $1544 = UpdateDead2x1
           $156A = UpdateDead2x2OrBoss
           $152C = UpdateDead1x1.frame_2
           $1536 = UpdateDead1x1.frame_3
           $1540 = UpdateDead1x1.frame_4
           $1543 = UpdateDead1x1.update_end
           $13EB = CleanupEnemy
           $1556 = UpdateDead2x1.frame_2
           $155E = UpdateDead2x1.frame_3
           $1566 = UpdateDead2x1.frame_4
           $1569 = UpdateDead2x1.update_end
           $1586 = UpdateDead2x2OrBoss.frame_2
           $158E = UpdateDead2x2OrBoss.frame_3
           $15DB = UpdateDead2x2OrBoss.frame_4
           $1606 = UpdateDead2x2OrBoss.frame_5
           $160E = UpdateDead2x2OrBoss.frame_6
           $1611 = UpdateDead2x2OrBoss.update_end
           $1628 = GetSpriteAddress.get_anim_data_address
           $16C2 = UpdateEnemyAnimation.end_update
           $1652 = UpdateEnemyAnimation.get_anim_data_address
           $16BD = UpdateEnemyAnimation.reset_hl
           $167E = UpdateEnemyAnimation.set_2x1_count
           $1685 = UpdateEnemyAnimation.set_2x2_count
           $168C = UpdateEnemyAnimation.set_boss_count
           $1690 = UpdateEnemyAnimation.replace_tiles_loop
           $169C = UpdateEnemyAnimation.replace_tiles_with_frame_2
           $1696 = UpdateEnemyAnimation.replace_tiles_with_frame_1
           $16C3 = ModifySpriteWithData
           $16A9 = UpdateEnemyAnimation.current_tile_check_done
           $169D = UpdateEnemyAnimation.move_to_next_frame_loop
           $16A5 = UpdateEnemyAnimation.move_to_current_frame_loop
           $16B4 = UpdateEnemyAnimation.reset_timer
           $16B5 = UpdateEnemyAnimation.move_to_top_frame_loop
           $16F2 = GetEnemyAnimTimer
           $16D0 = ModifySpriteWithData.flip_tile_vertically
           $16E2 = ModifySpriteWithData.flip_tile_horizontally
           $16F1 = ModifySpriteWithData.end_modification
           $16DB = ModifySpriteWithData.reset_vertical
           $16DD = ModifySpriteWithData.save_vertical_flag
           $16ED = ModifySpriteWithData.reset_horizontal
           $16EF = ModifySpriteWithData.save_horizontal_flag
           $16FE = GetEnemy0AnimTimer
           $1723 = AddAToCurrentScore.continue_adding_score
           $1743 = AddAToCurrentScore.display_max_score
           $1748 = AddAToCurrentScore.update_score_display
           $2300 = DisplayMaxScore
           $174B = AddAToCurrentScore.score_adding_finished
           $2274 = UpdateScoreDisplay
           $2319 = DisplayMinScore
           $177A = ResetScoreToCheckpoint.add_current_score
           $176D = ResetScoreToCheckpoint.add_score_loop
           $3EB6 = CWGB_data
           $180C = gbt_play
           $18C1 = gbt_loop
           $17DF = BulletSoundData
           $17A7 = PlaySoundOnChannelOne
           $17E4 = EnemyExplosionSoundData
           $17D2 = PlaySoundOnChannelFour
           $17E8 = PlayerExplosionSoundData
           $17EC = BossHitSoundData
           $17F0 = gbt_get_pattern_ptr
           $18EE = gbt_update.dontexit
           $1FF5 = gbt_update_effects_bank1
           $1916 = gbt_update.dont_stop
           $18C5 = gbt_stop
           $1930 = gbt_update.more_bytes
           $193A = gbt_update.no_more_bytes_this_channel
           $1937 = gbt_update.one_more_byte
           $1923 = gbt_update.copy_loop
           $197E = gbt_update.dont_increment_pattern
           $197E = gbt_update.not_ended
           $1979 = gbt_update.loop_disabled
           $197E = gbt_update.end_handling_steps_pattern
           $1FDA = gbt_update_bank1
           $19B9 = gbt_update.next_channel_more_bytes
           $19BF = gbt_update.next_channel_no_more_bytes_this_channel
           $19BE = gbt_update.next_channel_one_more_byte
           $19AE = gbt_update.next_channel
           $1A5B = gbt_frequencies
           $1B12 = gbt_channel_1_handle.channel1_enabled
           $1B0A = gbt_channel_1_handle.more_bytes
           $1B11 = gbt_channel_1_handle.no_more_bytes_this_channel
           $1B10 = gbt_channel_1_handle.one_more_byte
           $1B3A = gbt_channel_1_handle.has_frequency
           $1B2A = gbt_channel_1_handle.instr_effects
           $1B21 = gbt_channel_1_handle.just_set_volume
           $1B70 = gbt_channel_1_handle.refresh_channel1_regs
           $1BEB = gbt_channel_1_set_effect
           $1AEB = _gbt_get_freq_from_index
           $1B62 = gbt_channel_1_handle.freq_instr_and_effect
           $1B9F = channel1_update_effects.dont_cut
           $1BBE = channel1_update_effects.not_tick_0
           $1BD7 = channel1_update_effects.not_tick_1
           $1BF9 = gbt_channel_1_set_effect.gbt_ch1_jump_table
           $1C19 = gbt_channel_1_set_effect.gbt_ch1_pan
           $1C21 = gbt_channel_1_set_effect.gbt_ch1_arpeggio
           $1C3C = gbt_channel_1_set_effect.gbt_ch1_cut_note
           $1FB1 = gbt_ch1234_nop
           $1FB3 = gbt_ch1234_jump_pattern
           $1FC4 = gbt_ch1234_jump_position
           $1FD2 = gbt_ch1234_speed
           $1C5C = gbt_channel_2_handle.channel2_enabled
           $1C54 = gbt_channel_2_handle.more_bytes
           $1C5B = gbt_channel_2_handle.no_more_bytes_this_channel
           $1C5A = gbt_channel_2_handle.one_more_byte
           $1C84 = gbt_channel_2_handle.has_frequency
           $1C74 = gbt_channel_2_handle.instr_effects
           $1C6B = gbt_channel_2_handle.just_set_volume
           $1CBA = gbt_channel_2_handle.refresh_channel2_regs
           $1D32 = gbt_channel_2_set_effect
           $1CAC = gbt_channel_2_handle.freq_instr_and_effect
           $1CE6 = channel2_update_effects.dont_cut
           $1D05 = channel2_update_effects.not_tick_0
           $1D1E = channel2_update_effects.not_tick_1
           $1D40 = gbt_channel_2_set_effect.gbt_ch2_jump_table
           $1D60 = gbt_channel_2_set_effect.gbt_ch2_pan
           $1D68 = gbt_channel_2_set_effect.gbt_ch2_arpeggio
           $1D83 = gbt_channel_2_set_effect.gbt_ch2_cut_note
           $1DA3 = gbt_channel_3_handle.channel3_enabled
           $1D9B = gbt_channel_3_handle.more_bytes
           $1DA2 = gbt_channel_3_handle.no_more_bytes_this_channel
           $1DA1 = gbt_channel_3_handle.one_more_byte
           $1DC4 = gbt_channel_3_handle.has_frequency
           $1DBB = gbt_channel_3_handle.effects
           $1DB2 = gbt_channel_3_handle.just_set_volume
           $1DF7 = gbt_channel_3_handle.refresh_channel3_regs
           $1E9A = gbt_channel_3_set_effect
           $1DE9 = gbt_channel_3_handle.freq_instr_and_effect
           $1E1E = gbt_channel3_load_instrument
           $19CB = gbt_wave
           $1E2E = gbt_channel3_load_instrument.loop
           $1E4E = channel3_update_effects.dont_cut
           $1E6D = channel3_update_effects.not_tick_0
           $1E86 = channel3_update_effects.not_tick_1
           $1EA8 = gbt_channel_3_set_effect.gbt_ch3_jump_table
           $1EC8 = gbt_channel_3_set_effect.gbt_ch3_pan
           $1ED0 = gbt_channel_3_set_effect.gbt_ch3_arpeggio
           $1EEB = gbt_channel_3_set_effect.gbt_ch3_cut_note
           $1F0B = gbt_channel_4_handle.channel4_enabled
           $1F03 = gbt_channel_4_handle.more_bytes
           $1F0A = gbt_channel_4_handle.no_more_bytes_this_channel
           $1F09 = gbt_channel_4_handle.one_more_byte
           $1F2C = gbt_channel_4_handle.has_instrument
           $1F23 = gbt_channel_4_handle.effects
           $1F1A = gbt_channel_4_handle.just_set_volume
           $1F4D = gbt_channel_4_handle.refresh_channel4_regs
           $1F76 = gbt_channel_4_set_effect
           $1A4B = gbt_noise
           $1F48 = gbt_channel_4_handle.instr_and_effect
           $1F74 = channel4_update_effects.dont_cut
           $1F84 = gbt_channel_4_set_effect.gbt_ch4_jump_table
           $1FA4 = gbt_channel_4_set_effect.gbt_ch4_pan
           $1FAC = gbt_channel_4_set_effect.gbt_ch4_cut_note
           $1AF7 = gbt_channel_1_handle
           $1C41 = gbt_channel_2_handle
           $1D88 = gbt_channel_3_handle
           $1EF0 = gbt_channel_4_handle
           $1B8A = channel1_update_effects
           $1B70 = channel1_refresh_registers
           $1CD1 = channel2_update_effects
           $1CBA = channel2_refresh_registers
           $1E35 = channel3_update_effects
           $1DF7 = channel3_refresh_registers
           $1F5F = channel4_update_effects
           $1F4D = channel4_refresh_registers
           $38FB = TileLabel
           $2027 = LoadTiles
           $3AAB = WindowTiles
           $2243 = LoadWindowTiles
           $20D8 = InitPalettes
           $2030 = LoadTiles.load_tiles_loop
           $2049 = InitSprites.init_sprites_loop
           $205D = LoadMapToBkg.get_map_block_loop_start
           $2055 = LoadMapToBkg.get_map_start_loop
           $206B = LoadMapToBkg.setup_load_map_loop
           $2063 = LoadMapToBkg.get_map_block_loop
           $208D = LoadMapToBkg.load_tile
           $2089 = LoadMapToBkg.load_zero
           $2090 = LoadMapToBkg.wait_for_write_mode
           $20AF = LoadMapToBkg.go_to_map_loop
           $207D = LoadMapToBkg.load_map_loop
           $214F = ScrollLevel.return_to_main
           $2110 = ScrollLevel.continue_scrolling
           $211E = ScrollLevel.vblank_do_scroll
           $2150 = HandleColumnLoad
           $0FA4 = UpdateEnemyScrollPositions
           $085A = ResolvePlayerScrollCollisions
           $216C = HandleColumnLoad.track_screen_scroll
           $217E = HandleColumnLoad.track_window_scroll
           $218E = HandleColumnLoad.get_map_start_point
           $21A0 = HandleColumnLoad.get_map_block_loop_start
           $2198 = HandleColumnLoad.get_map_start_loop
           $21AE = HandleColumnLoad.load_next_map_column
           $21A6 = HandleColumnLoad.get_map_block_loop
           $21CC = HandleColumnLoad.load_tile
           $21C8 = HandleColumnLoad.load_zero
           $21CF = HandleColumnLoad.wait_for_write_mode
           $221B = HandleColumnLoad.check_for_enemy_tile
           $2210 = HandleColumnLoad.calculate_ship_y_loop
           $222C = HandleColumnLoad.get_next_column_tile
           $135D = CheckIfEnemyTile
           $0FD2 = CreateEnemy
           $21BC = HandleColumnLoad.load_next_column_loop
           $2247 = LoadWindowTiles.load_tiles_loop
           $38AC = WindowMap
           $2266 = LoadMapToWindow.display_tiles_loop
           $22FF = UpdateScoreDisplay.end_display_routine
           $2290 = UpdateScoreDisplay.offset_found
           $2291 = UpdateScoreDisplay.increase_next_score_loop
           $22D1 = UpdateScoreDisplay.subtract_c
           $22AC = UpdateScoreDisplay.incrementing_to_left_loop
           $22C9 = UpdateScoreDisplay.finished_incrementing_to_left
           $22BA = UpdateScoreDisplay.wait_for_sprite_mode_end_1
           $22A0 = UpdateScoreDisplay.increase_current_score_loop
           $22DD = UpdateScoreDisplay.wait_for_sprite_mode_end_2
           $22FB = UpdateScoreDisplay.loop_with_1
           $230D = DisplayMaxScore.max_score_display_loop
           $2326 = DisplayMinScore.min_score_display_loop
           $2340 = UpdateLivesDisplay.wait_for_sprite_mode_end
           $3C84 = CWGB_0
           $3DA0 = CWGB_1
           $18B8 = gbt_pause
           $397B = TileLabelTLE8
           $398B = TileLabelTLE9
           $391B = TileLabelTLE2
           $392B = TileLabelTLE3
           $38FB = TileLabelTLE0
           $390B = TileLabelTLE1
           $395B = TileLabelTLE6
           $396B = TileLabelTLE7
           $393B = TileLabelTLE4
           $394B = TileLabelTLE5
           $18D0 = gbt_enable_channels
           $3A3B = TileLabelTLE20
           $3A4B = TileLabelTLE21
           $3A5B = TileLabelTLE22
           $3A6B = TileLabelTLE23
           $3A7B = TileLabelTLE24
           $3A8B = TileLabelTLE25
           $3A9B = TileLabelTLE26
           $3A2B = TileLabelTLE19
           $3A1B = TileLabelTLE18
           $39CB = TileLabelTLE13
           $39BB = TileLabelTLE12
           $39AB = TileLabelTLE11
           $399B = TileLabelTLE10
           $3A0B = TileLabelTLE17
           $39FB = TileLabelTLE16
           $39EB = TileLabelTLE15
           $39DB = TileLabelTLE14
    SLACK: $421A bytes

WRAM Bank #0:
  SECTION: $C000-$C09F ($00A0 bytes) ["RAM_Start_Sprites"]
           $C000 = spaceshipL_ypos
           $C004 = spaceshipR_ypos
           $C001 = spaceshipL_xpos
           $C005 = spaceshipR_xpos
           $C002 = spaceshipL_tile
           $C008 = spaceshipLAnim1_ypos
           $C009 = spaceshipLAnim1_xpos
           $C00C = spaceshipLAnim2_ypos
           $C00D = spaceshipLAnim2_xpos
           $C006 = spaceshipR_tile
           $C007 = spaceshipR_flags
           $C00A = spaceshipLAnim1_tile
           $C00B = spaceshipLAnim1_flags
           $C00E = spaceshipLAnim2_tile
           $C00F = spaceshipLAnim2_flags
           $C003 = spaceshipL_flags
           $C010 = spaceshipGun_ypos
           $C011 = spaceshipGun_xpos
           $C012 = spaceshipGun_tile
           $C013 = spaceshipGun_flags
           $C014 = spaceshipGunVertical_ypos
           $C015 = spaceshipGunVertical_xpos
           $C016 = spaceshipGunVertical_tile
           $C017 = spaceshipGunVertical_flags
           $C018 = bullet_sprites
           $C028 = enemy_sprites_1x1
           $C048 = enemy_sprites_2x1
           $C070 = enemy_sprites_2x2
  SECTION: $C0A0-$C222 ($0183 bytes) ["RAM_Working_Variables"]
           $C1B5 = vblank_flag
           $C1DB = game_state
           $C1B6 = joypad_held
           $C1B7 = joypad_down
           $C1A0 = enemy_data_size
           $C1B8 = alive
           $C1BE = game_over_sequence_timer
           $C1DD = level_end_reached
           $C1DE = boss_defeated
           $C1DC = level_no
           $C1BF = current_score
           $C1C0 = score_tracker_lower
           $C1C1 = score_tracker_higher
           $C1C9 = checkpoint_current_score
           $C1CA = checkpoint_score_tracker_lower
           $C1CB = checkpoint_score_tracker_higher
           $C1BD = lives
           $C1C6 = checkpoint_map_block
           $C1C7 = checkpoint_tiles_scrolled
           $C1C8 = checkpoint_ship_y
           $C1D3 = PixelsScrolled
           $C1D4 = TotalTilesScrolled
           $C1D5 = CurrentBGMapScrollTileX
           $C1D6 = CurrentWindowTileX
           $C1D7 = CurrentMapBlock
           $C1AE = current_bullet_direction
           $C1D2 = ScrollTimer
           $C1CC = enemies_destroyed
           $C1CD = items_collected
           $C1CE = checkpoint_enemies_destroyed
           $C1CF = checkpoint_items_collected
           $C1C2 = checkpoint_pixels
           $C1D8 = CurrentMapBlockTotal
           $C1E1 = current_level_completion_bonus
           $C1E0 = end_level_sequence_phase
           $C1D9 = CurrentTilesetWidth
           $C1DF = end_level_sequence_timer
           $C1B9 = death_timer
           $C1BA = player_animation_timer
           $C1BB = current_anim_frame_upper
           $C1BC = current_anim_frame_lower
           $C0FC = enemy_data
           $C1A6 = bullet_data
           $C1B0 = current_bullet_ypos
           $C1AF = current_bullet_xpos
           $C1D0 = current_enemy_width
           $C1D1 = current_enemy_height
           $C1B4 = current_enemy_score_value
           $C1B1 = current_enemy_index
           $C1B2 = current_enemy_address_upper
           $C1B3 = current_enemy_address_lower
           $C0A0 = enemy_animation_data_1x1
           $C0C0 = enemy_animation_data_2x1
           $C0DE = enemy_animation_data_2x2
           $C18C = boss_animation_data
           $C1A1 = enemy_tile
           $C1DA = CurrentColumnHeight
           $C1A2 = new_enemy_y_pos
           $C1A3 = new_enemy_anim_data_length
           $C1A5 = enemy_tile_width
           $C1A4 = enemy_tile_count
           $C1E3 = gbt_pattern_array_ptr
           $C1F9 = gbt_current_step_data_bank
           $C1F7 = gbt_current_step_data_ptr
           $C1E6 = gbt_speed
           $C1E5 = gbt_pattern_array_bank
           $C1F5 = gbt_current_step
           $C1F6 = gbt_current_pattern
           $C1F4 = gbt_ticks_elapsed
           $C1F3 = gbt_loop_enabled
           $C221 = gbt_have_to_stop_next_step
           $C222 = gbt_update_pattern_pointers
           $C20D = gbt_channel3_loaded_instrument
           $C1FA = gbt_channels_enabled
           $C1FB = gbt_pan
           $C1FF = gbt_vol
           $C203 = gbt_instr
           $C207 = gbt_freq
           $C217 = gbt_arpeggio_enabled
           $C21D = gbt_cut_note_tick
           $C1E2 = gbt_playing
           $C1E7 = gbt_temp_play_data
           $C20E = gbt_arpeggio_freq_index
           $C21A = gbt_arpeggio_tick
           $C1C3 = checkpoint_appearance_map_block
           $C1C4 = checkpoint_appearance_tiles_scrolled
           $C1C5 = checkpoint_appearance_ship_y
    SLACK: $0DDD bytes

WRAM Bank #1:
  EMPTY

WRAM Bank #2:
  EMPTY

WRAM Bank #3:
  EMPTY

WRAM Bank #4:
  EMPTY

WRAM Bank #5:
  EMPTY

WRAM Bank #6:
  EMPTY

WRAM Bank #7:
  EMPTY

VRAM Bank #0:
  EMPTY

VRAM Bank #1:
  EMPTY

OAM:
  EMPTY

HRAM:
  EMPTY

SRAM Bank #0:
  EMPTY

SRAM Bank #1:
  EMPTY

SRAM Bank #2:
  EMPTY

SRAM Bank #3:
  EMPTY

SRAM Bank #4:
  EMPTY

SRAM Bank #5:
  EMPTY

SRAM Bank #6:
  EMPTY

SRAM Bank #7:
  EMPTY

SRAM Bank #8:
  EMPTY

SRAM Bank #9:
  EMPTY

SRAM Bank #10:
  EMPTY

SRAM Bank #11:
  EMPTY

SRAM Bank #12:
  EMPTY

SRAM Bank #13:
  EMPTY

SRAM Bank #14:
  EMPTY

SRAM Bank #15:
  EMPTY

